../Core/Src/main.c:81:6:cd_set	16	static
../Core/Src/main.c:88:6:cd_tick	16	static
../Core/Src/main.c:103:5:cd_string	48	static
../Core/Src/main.c:108:6:uart_print_cd	120	static
../Core/Src/main.c:117:6:lcd_print_cd	32	static
../Core/Src/main.c:125:10:read_one_adc_value	24	static
../Core/Src/main.c:133:7:normalize_12bit	24	static
../Core/Src/main.c:138:7:normalize_12bit_posneg	24	static
../Core/Src/main.c:145:7:lm35_to_celsius	32	static
../Core/Src/main.c:153:7:normelize_photo	16	static
../Core/Src/main.c:168:6:joystic	88	static
../Core/Src/main.c:188:6:HAL_ADC_ConvCpltCallback	16	static
../Core/Src/main.c:204:6:HAL_TIM_PeriodElapsedCallback	16	static
../Core/Src/main.c:215:5:main	136	static
../Core/Src/main.c:295:6:SystemClock_Config	88	static
../Core/Src/main.c:342:13:MX_ADC1_Init	24	static
../Core/Src/main.c:421:13:MX_I2C1_Init	8	static
../Core/Src/main.c:455:13:MX_TIM1_Init	32	static
../Core/Src/main.c:501:13:MX_TIM5_Init	32	static
../Core/Src/main.c:546:13:MX_USART2_UART_Init	8	static
../Core/Src/main.c:579:13:MX_GPIO_Init	48	static
../Core/Src/main.c:615:6:Error_Handler	4	static,ignoring_inline_asm
