../Core/Inc/abuzz.h:29:6:abuzz_start	4	static
../Core/Inc/abuzz.h:39:6:abuzz_stop	4	static
../Core/Inc/abuzz.h:46:6:abuzz_p_long	4	static
../Core/Inc/abuzz.h:53:6:abuzz_p_short	4	static
../Core/Src/main.c:124:6:evq_push_back	16	static
../Core/Src/main.c:135:7:evq_pop_front	16	static
../Core/Src/main.c:149:5:blueButtonPressed	4	static
../Core/Src/main.c:153:6:setLights	24	static
../Core/Src/main.c:162:6:printState	120	static
../Core/Src/main.c:175:6:stateMachine	16	static
../Core/Src/main.c:270:6:my_EXTI15_10_IRQHandler	8	static
../Core/Src/main.c:275:6:my_SysTick_Handler	8	static
../Core/Src/main.c:292:5:main	8	static
../Core/Src/main.c:340:6:SystemClock_Config	88	static
../Core/Src/main.c:387:13:MX_TIM3_Init	48	static
../Core/Src/main.c:436:13:MX_USART2_UART_Init	8	static
../Core/Src/main.c:469:13:MX_GPIO_Init	48	static
../Core/Src/main.c:522:6:Error_Handler	4	static,ignoring_inline_asm
