../Core/Src/main.c:66:6:uart_print_menu	104	static
../Core/Src/main.c:72:6:uart_print_bad_choice	96	static
../Core/Src/main.c:78:5:uart_get_menu_choice	16	static
../Core/Src/main.c:88:5:black_button_pressed	8	static
../Core/Src/main.c:95:6:button_mode	16	static
../Core/Src/main.c:119:6:clock_advance	16	static
../Core/Src/main.c:135:6:clock_render_short	24	static
../Core/Src/main.c:139:6:clock_render_long	24	static
../Core/Src/main.c:143:5:blueButtonPressed	4	static
../Core/Src/main.c:149:6:clock_mode	8	static
../Core/Src/main.c:164:6:HAL_GPIO_EXTI_Callback	24	static
../Core/Src/main.c:177:6:HAL_TIM_PeriodElapsedCallback	16	static
../Core/Src/main.c:191:5:main	24	static
../Core/Src/main.c:257:6:SystemClock_Config	88	static
../Core/Src/main.c:304:13:MX_TIM1_Init	32	static
../Core/Src/main.c:350:13:MX_USART2_UART_Init	8	static
../Core/Src/main.c:383:13:MX_GPIO_Init	48	static
../Core/Src/main.c:449:6:Error_Handler	4	static,ignoring_inline_asm
