../Core/Src/main.c:58:5:buttonPressed	4	static
../Core/Src/main.c:62:5:blueButtonPressed	4	static
../Core/Src/main.c:66:6:setGreenLed	24	static
../Core/Src/main.c:72:6:put_on_sseg	32	static
../Core/Src/main.c:93:6:put_on_dots	16	static
../Core/Src/main.c:167:5:main	136	static
../Core/Src/main.c:267:6:SystemClock_Config	88	static
../Core/Src/main.c:314:13:MX_USART2_UART_Init	8	static
../Core/Src/main.c:347:13:MX_GPIO_Init	48	static
../Core/Src/main.c:415:6:Error_Handler	4	static,ignoring_inline_asm
