../Core/Src/main.c:73:6:dumpLine	16	static
../Core/Src/main.c:84:6:timerReset	32	static
../Core/Src/main.c:89:6:HAL_TIM_PeriodElapsedCallback	16	static
../Core/Src/main.c:97:5:printStatus	16	static
../Core/Src/main.c:118:5:printState	16	static
../Core/Src/main.c:146:5:main	120	static
../Core/Src/main.c:261:6:SystemClock_Config	88	static
../Core/Src/main.c:308:13:MX_TIM1_Init	96	static
../Core/Src/main.c:383:13:MX_TIM5_Init	32	static
../Core/Src/main.c:428:13:MX_USART2_UART_Init	8	static
../Core/Src/main.c:461:13:MX_DMA_Init	16	static
../Core/Src/main.c:502:13:MX_GPIO_Init	48	static
../Core/Src/main.c:564:6:Error_Handler	4	static,ignoring_inline_asm
