../Core/Src/main.c:72:6:dumpLine	16	static
../Core/Src/main.c:83:6:timerReset	32	static
../Core/Src/main.c:90:6:HAL_TIM_PeriodElapsedCallback	16	static
../Core/Src/main.c:104:5:printStatus	16	static
../Core/Src/main.c:125:5:printState	16	static
../Core/Src/main.c:153:5:main	120	static
../Core/Src/main.c:269:6:SystemClock_Config	88	static
../Core/Src/main.c:316:13:MX_TIM1_Init	96	static
../Core/Src/main.c:391:13:MX_TIM5_Init	32	static
../Core/Src/main.c:436:13:MX_USART2_UART_Init	8	static
../Core/Src/main.c:469:13:MX_DMA_Init	16	static
../Core/Src/main.c:506:13:MX_GPIO_Init	48	static
../Core/Src/main.c:568:6:Error_Handler	4	static,ignoring_inline_asm
