../Core/Src/vga.c:91:6:checkAsserts	4	static
../Core/Src/vga.c:107:6:registerHUARTvga	16	static
../Core/Src/vga.c:111:13:renderLine	24	static
../Core/Src/vga.c:124:6:dumpBuffer	64	static
../Core/Src/vga.c:176:38:vgaDriver2	24	static
../Core/Src/vga.c:263:38:vgaDriver	8	static
../Core/Src/vga.c:336:6:vgaHalfCallBack	16	static
../Core/Src/vga.c:343:6:vgaFullCallBack	16	static
../Core/Src/vga.c:350:6:reportOVerspeed	96	static
../Core/Src/vga.c:356:6:vgaLoop	8	static
../Core/Src/vga.c:369:6:vgaSetup	96	static
../Core/Src/vga.c:414:6:vgaStart	24	static
../Core/Src/vga.c:440:6:vgaStop	96	static
