../Core/Src/vga.c:81:6:checkAsserts	4	static
../Core/Src/vga.c:97:6:setRed	16	static
../Core/Src/vga.c:100:6:setGreen	16	static
../Core/Src/vga.c:103:6:setBlue	16	static
../Core/Src/vga.c:106:6:setRGB	16	static
../Core/Src/vga.c:109:6:setHblank	16	static
../Core/Src/vga.c:112:6:setVblank	16	static
../Core/Src/vga.c:129:19:old_memCopy	112	static
../Core/Src/vga.c:151:19:old_memSet	112	static
../Core/Src/vga.c:167:6:vga_DMA_XFER_CPLT_CB_ID	96	static
../Core/Src/vga.c:173:6:vga_DMA_XFER_HALFCPLT_CB_ID	96	static
../Core/Src/vga.c:179:6:vga_DMA_XFER_M1CPLT_CB_ID	96	static
../Core/Src/vga.c:185:6:vga_DMA_XFER_M1HALFCPLT_CB_ID	96	static
../Core/Src/vga.c:191:6:vga_DMA_XFER_ERROR_CB_ID	112	static
../Core/Src/vga.c:218:6:vga_DMA_XFER_ABORT_CB_ID	96	static
../Core/Src/vga.c:224:6:vga_DMA_XFER_ALL_CB_ID	96	static
../Core/Src/vga.c:232:6:registerDebugInterupts	16	static
../Core/Src/vga.c:242:6:registerHUART	16	static
../Core/Src/vga.c:246:6:clearVisibleArea	16	static
../Core/Src/vga.c:251:6:setVerticalSync	16	static
../Core/Src/vga.c:260:6:setVerticalSyncP1	16	static
../Core/Src/vga.c:268:6:setVerticalSyncP2	16	static
../Core/Src/vga.c:275:6:setHorizontalSync	16	static
../Core/Src/vga.c:284:6:setHorizontalSyncP1	16	static
../Core/Src/vga.c:291:6:setHorizontalSyncP2	16	static
../Core/Src/vga.c:298:13:renderLine	104	static
../Core/Src/vga.c:308:6:copyLastLine	16	static
../Core/Src/vga.c:314:6:printVgaState	104	static
../Core/Src/vga.c:352:6:vgaStateMachine	24	static
../Core/Src/vga.c:514:6:dumpBuffer	48	static
../Core/Src/vga.c:551:38:vgaDriver	8	static
../Core/Src/vga.c:619:6:vgaHalfCallBack	16	static
../Core/Src/vga.c:627:6:vgaFullCallBack	16	static
../Core/Src/vga.c:635:6:vgaCopyAndSetCallBack	104	static
../Core/Src/vga.c:642:6:reportOVerspeed	96	static
../Core/Src/vga.c:648:6:vgaLoop	8	static
../Core/Src/vga.c:661:6:vgaSetup	40	static
../Core/Src/vga.c:699:6:vgaStart	8	static
../Core/Src/vga.c:731:6:vgaStop	4	static
