../Core/Src/vga.c:77:6:checkAsserts	4	static
../Core/Src/vga.c:93:6:setRed	16	static
../Core/Src/vga.c:96:6:setGreen	16	static
../Core/Src/vga.c:99:6:setBlue	16	static
../Core/Src/vga.c:102:6:setRGB	16	static
../Core/Src/vga.c:105:6:setHblank	16	static
../Core/Src/vga.c:108:6:setVblank	16	static
../Core/Src/vga.c:121:19:old_memCopy	24	static
../Core/Src/vga.c:140:19:old_memSet	24	static
../Core/Src/vga.c:153:6:vga_DMA_XFER_CPLT_CB_ID	96	static
../Core/Src/vga.c:159:6:vga_DMA_XFER_HALFCPLT_CB_ID	96	static
../Core/Src/vga.c:165:6:vga_DMA_XFER_M1CPLT_CB_ID	96	static
../Core/Src/vga.c:171:6:vga_DMA_XFER_M1HALFCPLT_CB_ID	96	static
../Core/Src/vga.c:177:6:vga_DMA_XFER_ERROR_CB_ID	112	static
../Core/Src/vga.c:204:6:vga_DMA_XFER_ABORT_CB_ID	96	static
../Core/Src/vga.c:210:6:vga_DMA_XFER_ALL_CB_ID	96	static
../Core/Src/vga.c:218:6:registerDebugInterupts	16	static
../Core/Src/vga.c:228:6:registerHUART	16	static
../Core/Src/vga.c:232:6:clearVisibleArea	16	static
../Core/Src/vga.c:237:6:setVerticalSync	16	static
../Core/Src/vga.c:246:6:setVerticalSyncP1	16	static
../Core/Src/vga.c:253:6:setVerticalSyncP2	16	static
../Core/Src/vga.c:260:6:setHorizontalSync	16	static
../Core/Src/vga.c:269:6:setHorizontalSyncP1	16	static
../Core/Src/vga.c:276:6:setHorizontalSyncP2	16	static
../Core/Src/vga.c:283:13:renderLine	104	static
../Core/Src/vga.c:293:6:copyLastLine	16	static
../Core/Src/vga.c:300:6:vgaStateMachine	24	static
../Core/Src/vga.c:458:6:vgaHalfCallBack	16	static
../Core/Src/vga.c:464:6:vgaFullCallBack	16	static
../Core/Src/vga.c:470:6:vgaCopyAndSetCallBack	16	static
../Core/Src/vga.c:475:6:vgaSetup	24	static
../Core/Src/vga.c:492:6:vgaStart	8	static
../Core/Src/vga.c:521:6:vgaStop	4	static
