../Core/Src/vga.c:73:6:checkAsserts	4	static
../Core/Src/vga.c:89:6:setRed	16	static
../Core/Src/vga.c:92:6:setGreen	16	static
../Core/Src/vga.c:95:6:setBlue	16	static
../Core/Src/vga.c:98:6:setRGB	16	static
../Core/Src/vga.c:101:6:setHblank	16	static
../Core/Src/vga.c:104:6:setVblank	16	static
../Core/Src/vga.c:117:19:memCopy	24	static
../Core/Src/vga.c:140:19:memSet	24	static
../Core/Src/vga.c:157:6:vga_DMA_XFER_CPLT_CB_ID	96	static
../Core/Src/vga.c:163:6:vga_DMA_XFER_HALFCPLT_CB_ID	96	static
../Core/Src/vga.c:169:6:vga_DMA_XFER_M1CPLT_CB_ID	96	static
../Core/Src/vga.c:175:6:vga_DMA_XFER_M1HALFCPLT_CB_ID	96	static
../Core/Src/vga.c:181:6:vga_DMA_XFER_ERROR_CB_ID	96	static
../Core/Src/vga.c:187:6:vga_DMA_XFER_ABORT_CB_ID	96	static
../Core/Src/vga.c:193:6:vga_DMA_XFER_ALL_CB_ID	96	static
../Core/Src/vga.c:201:6:registerDebugInterupts	16	static
../Core/Src/vga.c:212:6:clearVisibleArea	16	static
../Core/Src/vga.c:217:6:setVerticalSync	16	static
../Core/Src/vga.c:226:6:setVerticalSyncP1	16	static
../Core/Src/vga.c:233:6:setVerticalSyncP2	16	static
../Core/Src/vga.c:240:6:setHorizontalSync	16	static
../Core/Src/vga.c:249:6:setHorizontalSyncP1	16	static
../Core/Src/vga.c:256:6:setHorizontalSyncP2	16	static
../Core/Src/vga.c:263:13:renderLine	104	static
../Core/Src/vga.c:273:6:copyLastLine	16	static
../Core/Src/vga.c:280:6:vgaStateMachine	24	static
../Core/Src/vga.c:424:6:vgaHalfCallBack	16	static
../Core/Src/vga.c:429:6:vgaFullCallBack	16	static
../Core/Src/vga.c:434:6:vgaCopyAndSetCallBack	16	static
../Core/Src/vga.c:439:6:vgaSetup	24	static
../Core/Src/vga.c:454:6:vgaStart	8	static
../Core/Src/vga.c:471:6:vgaStop	4	static
