../Core/Src/vga.c:80:6:checkAsserts	4	static
../Core/Src/vga.c:96:6:registerHUARTvga	16	static
../Core/Src/vga.c:101:6:dumpBuffer	64	static
../Core/Src/vga.c:149:38:vgaDriver	8	static
../Core/Src/vga.c:226:6:vgaHalfCallBack	16	static
../Core/Src/vga.c:234:6:vgaFullCallBack	16	static
../Core/Src/vga.c:244:6:reportOVerspeed	96	static
../Core/Src/vga.c:250:6:vgaLoop	8	static
../Core/Src/vga.c:263:6:vgaSetup	40	static
../Core/Src/vga.c:299:6:vgaStart	8	static
../Core/Src/vga.c:320:6:vgaStop	4	static
