../Core/Src/vga.c:84:6:checkAsserts	4	static
../Core/Src/vga.c:100:6:registerHUARTvga	16	static
../Core/Src/vga.c:104:13:renderLine	104	static
../Core/Src/vga.c:116:6:dumpBuffer	64	static
../Core/Src/vga.c:167:38:vgaDriver	8	static
../Core/Src/vga.c:239:6:vgaHalfCallBack	16	static
../Core/Src/vga.c:244:6:vgaFullCallBack	16	static
../Core/Src/vga.c:249:6:reportOVerspeed	96	static
../Core/Src/vga.c:255:6:vgaLoop	8	static
../Core/Src/vga.c:268:6:vgaSetup	40	static
../Core/Src/vga.c:303:6:vgaStart	8	static
../Core/Src/vga.c:323:6:vgaStop	4	static
