../Core/Src/vga.c:74:6:checkAsserts	4	static
../Core/Src/vga.c:90:6:setRed	16	static
../Core/Src/vga.c:93:6:setGreen	16	static
../Core/Src/vga.c:96:6:setBlue	16	static
../Core/Src/vga.c:99:6:setRGB	16	static
../Core/Src/vga.c:102:6:setHblank	16	static
../Core/Src/vga.c:105:6:setVblank	16	static
../Core/Src/vga.c:118:19:old_memCopy	24	static
../Core/Src/vga.c:137:19:old_memSet	24	static
../Core/Src/vga.c:150:6:vga_DMA_XFER_CPLT_CB_ID	96	static
../Core/Src/vga.c:156:6:vga_DMA_XFER_HALFCPLT_CB_ID	96	static
../Core/Src/vga.c:162:6:vga_DMA_XFER_M1CPLT_CB_ID	96	static
../Core/Src/vga.c:168:6:vga_DMA_XFER_M1HALFCPLT_CB_ID	96	static
../Core/Src/vga.c:174:6:vga_DMA_XFER_ERROR_CB_ID	96	static
../Core/Src/vga.c:180:6:vga_DMA_XFER_ABORT_CB_ID	96	static
../Core/Src/vga.c:186:6:vga_DMA_XFER_ALL_CB_ID	96	static
../Core/Src/vga.c:194:6:registerDebugInterupts	16	static
../Core/Src/vga.c:205:6:clearVisibleArea	16	static
../Core/Src/vga.c:210:6:setVerticalSync	16	static
../Core/Src/vga.c:219:6:setVerticalSyncP1	16	static
../Core/Src/vga.c:226:6:setVerticalSyncP2	16	static
../Core/Src/vga.c:233:6:setHorizontalSync	16	static
../Core/Src/vga.c:242:6:setHorizontalSyncP1	16	static
../Core/Src/vga.c:249:6:setHorizontalSyncP2	16	static
../Core/Src/vga.c:256:13:renderLine	104	static
../Core/Src/vga.c:266:6:copyLastLine	16	static
../Core/Src/vga.c:273:6:vgaStateMachine	24	static
../Core/Src/vga.c:436:6:vgaHalfCallBack	16	static
../Core/Src/vga.c:441:6:vgaFullCallBack	16	static
../Core/Src/vga.c:446:6:vgaCopyAndSetCallBack	16	static
../Core/Src/vga.c:451:6:vgaSetup	24	static
../Core/Src/vga.c:467:6:vgaStart	8	static
../Core/Src/vga.c:484:6:vgaStop	4	static
