../Core/Src/vga.c:88:6:checkAsserts	4	static
../Core/Src/vga.c:104:6:setRed	16	static
../Core/Src/vga.c:107:6:setGreen	16	static
../Core/Src/vga.c:110:6:setBlue	16	static
../Core/Src/vga.c:113:6:setRGB	16	static
../Core/Src/vga.c:116:6:setHblank	16	static
../Core/Src/vga.c:119:6:setVblank	16	static
../Core/Src/vga.c:136:19:old_memCopy	112	static
../Core/Src/vga.c:158:19:old_memSet	112	static
../Core/Src/vga.c:174:6:vga_DMA_XFER_CPLT_CB_ID	96	static
../Core/Src/vga.c:180:6:vga_DMA_XFER_HALFCPLT_CB_ID	96	static
../Core/Src/vga.c:186:6:vga_DMA_XFER_M1CPLT_CB_ID	96	static
../Core/Src/vga.c:192:6:vga_DMA_XFER_M1HALFCPLT_CB_ID	96	static
../Core/Src/vga.c:198:6:vga_DMA_XFER_ERROR_CB_ID	112	static
../Core/Src/vga.c:225:6:vga_DMA_XFER_ABORT_CB_ID	96	static
../Core/Src/vga.c:231:6:vga_DMA_XFER_ALL_CB_ID	96	static
../Core/Src/vga.c:239:6:registerDebugInterupts	16	static
../Core/Src/vga.c:249:6:registerHUART	16	static
../Core/Src/vga.c:253:6:clearVisibleArea	16	static
../Core/Src/vga.c:258:6:setVerticalSync	16	static
../Core/Src/vga.c:267:6:setVerticalSyncP1	16	static
../Core/Src/vga.c:275:6:setVerticalSyncP2	16	static
../Core/Src/vga.c:282:6:setHorizontalSync	16	static
../Core/Src/vga.c:291:6:setHorizontalSyncP1	16	static
../Core/Src/vga.c:298:6:setHorizontalSyncP2	16	static
../Core/Src/vga.c:305:13:renderLine	104	static
../Core/Src/vga.c:315:6:copyLastLine	16	static
../Core/Src/vga.c:321:6:printVgaState	104	static
../Core/Src/vga.c:359:6:vgaStateMachine	24	static
../Core/Src/vga.c:521:6:dumpBuffer	64	static
../Core/Src/vga.c:572:38:vgaDriver	8	static
../Core/Src/vga.c:644:6:vgaHalfCallBack	16	static
../Core/Src/vga.c:652:6:vgaFullCallBack	16	static
../Core/Src/vga.c:660:6:vgaCopyAndSetCallBack	104	static
../Core/Src/vga.c:667:6:reportOVerspeed	96	static
../Core/Src/vga.c:673:6:vgaLoop	8	static
../Core/Src/vga.c:686:6:vgaSetup	40	static
../Core/Src/vga.c:724:6:vgaStart	16	static
../Core/Src/vga.c:758:6:vgaStop	4	static
