../Core/Src/vga.c:83:6:checkAsserts	4	static
../Core/Src/vga.c:99:6:registerHUARTvga	16	static
../Core/Src/vga.c:103:13:renderLine	104	static
../Core/Src/vga.c:115:6:dumpBuffer	64	static
../Core/Src/vga.c:166:38:vgaDriver	8	static
../Core/Src/vga.c:238:6:vgaHalfCallBack	16	static
../Core/Src/vga.c:243:6:vgaFullCallBack	16	static
../Core/Src/vga.c:248:6:reportOVerspeed	96	static
../Core/Src/vga.c:254:6:vgaLoop	8	static
../Core/Src/vga.c:267:6:vgaSetup	40	static
../Core/Src/vga.c:302:6:vgaStart	16	static
../Core/Src/vga.c:322:6:vgaStop	4	static
