../Core/Src/vga.c:84:6:checkAsserts	4	static
../Core/Src/vga.c:100:6:registerHUARTvga	16	static
../Core/Src/vga.c:104:13:renderLine	24	static
../Core/Src/vga.c:119:6:dumpBuffer	64	static
../Core/Src/vga.c:170:38:vgaDriver	16	static
../Core/Src/vga.c:233:6:vgaHalfCallBack	16	static
../Core/Src/vga.c:238:6:vgaFullCallBack	16	static
../Core/Src/vga.c:243:6:reportOVerspeed	96	static
../Core/Src/vga.c:249:6:vgaLoop	8	static
../Core/Src/vga.c:262:6:vgaSetup	48	static
../Core/Src/vga.c:299:6:vgaStart	8	static
../Core/Src/vga.c:319:6:vgaStop	4	static
