../Core/Src/vga.c:80:6:checkAsserts	4	static
../Core/Src/vga.c:96:6:setRed	16	static
../Core/Src/vga.c:99:6:setGreen	16	static
../Core/Src/vga.c:102:6:setBlue	16	static
../Core/Src/vga.c:105:6:setRGB	16	static
../Core/Src/vga.c:108:6:setHblank	16	static
../Core/Src/vga.c:111:6:setVblank	16	static
../Core/Src/vga.c:128:19:old_memCopy	112	static
../Core/Src/vga.c:150:19:old_memSet	112	static
../Core/Src/vga.c:166:6:vga_DMA_XFER_CPLT_CB_ID	96	static
../Core/Src/vga.c:172:6:vga_DMA_XFER_HALFCPLT_CB_ID	96	static
../Core/Src/vga.c:178:6:vga_DMA_XFER_M1CPLT_CB_ID	96	static
../Core/Src/vga.c:184:6:vga_DMA_XFER_M1HALFCPLT_CB_ID	96	static
../Core/Src/vga.c:190:6:vga_DMA_XFER_ERROR_CB_ID	112	static
../Core/Src/vga.c:217:6:vga_DMA_XFER_ABORT_CB_ID	96	static
../Core/Src/vga.c:223:6:vga_DMA_XFER_ALL_CB_ID	96	static
../Core/Src/vga.c:231:6:registerDebugInterupts	16	static
../Core/Src/vga.c:241:6:registerHUART	16	static
../Core/Src/vga.c:245:6:clearVisibleArea	16	static
../Core/Src/vga.c:250:6:setVerticalSync	16	static
../Core/Src/vga.c:259:6:setVerticalSyncP1	16	static
../Core/Src/vga.c:267:6:setVerticalSyncP2	16	static
../Core/Src/vga.c:274:6:setHorizontalSync	16	static
../Core/Src/vga.c:283:6:setHorizontalSyncP1	16	static
../Core/Src/vga.c:290:6:setHorizontalSyncP2	16	static
../Core/Src/vga.c:297:13:renderLine	104	static
../Core/Src/vga.c:307:6:copyLastLine	16	static
../Core/Src/vga.c:313:6:printVgaState	104	static
../Core/Src/vga.c:351:6:vgaStateMachine	24	static
../Core/Src/vga.c:521:6:vgaDriver	112	static
../Core/Src/vga.c:561:6:vgaHalfCallBack	16	static
../Core/Src/vga.c:568:6:vgaFullCallBack	16	static
../Core/Src/vga.c:575:6:vgaCopyAndSetCallBack	104	static
../Core/Src/vga.c:583:6:vgaSetup	40	static
../Core/Src/vga.c:619:6:vgaStart	8	static
../Core/Src/vga.c:650:6:vgaStop	4	static
