../Core/Src/vga.c:65:6:checkAsserts	4	static
../Core/Src/vga.c:81:6:setRed	16	static
../Core/Src/vga.c:84:6:setGreen	16	static
../Core/Src/vga.c:87:6:setBlue	16	static
../Core/Src/vga.c:90:6:setRGB	16	static
../Core/Src/vga.c:93:6:setHblank	16	static
../Core/Src/vga.c:96:6:setVblank	16	static
../Core/Src/vga.c:109:19:memCopy	24	static
../Core/Src/vga.c:130:19:memSet	24	static
../Core/Src/vga.c:144:6:memCopyCompletCallBack	16	static
../Core/Src/vga.c:150:6:vga_DMA_XFER_CPLT_CB_ID	96	static
../Core/Src/vga.c:156:6:vga_DMA_XFER_HALFCPLT_CB_ID	96	static
../Core/Src/vga.c:162:6:vga_DMA_XFER_M1CPLT_CB_ID	96	static
../Core/Src/vga.c:168:6:vga_DMA_XFER_M1HALFCPLT_CB_ID	96	static
../Core/Src/vga.c:174:6:vga_DMA_XFER_ERROR_CB_ID	96	static
../Core/Src/vga.c:180:6:vga_DMA_XFER_ABORT_CB_ID	96	static
../Core/Src/vga.c:186:6:vga_DMA_XFER_ALL_CB_ID	96	static
../Core/Src/vga.c:194:6:registerDebugInterupts	16	static
../Core/Src/vga.c:205:6:clearVisibleArea	16	static
../Core/Src/vga.c:210:6:setVerticalSync	16	static
../Core/Src/vga.c:219:6:setHorizontalSync	16	static
../Core/Src/vga.c:228:13:renderLine	104	static
../Core/Src/vga.c:238:6:copyLastLine	16	static
../Core/Src/vga.c:243:6:prepareLine	16	static
../Core/Src/vga.c:291:6:vgaHalfCallBack	16	static
../Core/Src/vga.c:295:6:vgaFullCallBack	16	static
../Core/Src/vga.c:301:6:vgaSetup	24	static
../Core/Src/vga.c:382:6:vgaStart	8	static
../Core/Src/vga.c:395:6:vgaStop	4	static
