../Core/Src/vga.c:65:6:checkAsserts	4	static
../Core/Src/vga.c:81:6:setRed	16	static
../Core/Src/vga.c:84:6:setGreen	16	static
../Core/Src/vga.c:87:6:setBlue	16	static
../Core/Src/vga.c:90:6:setRGB	16	static
../Core/Src/vga.c:93:6:setHblank	16	static
../Core/Src/vga.c:96:6:setVblank	16	static
../Core/Src/vga.c:109:19:memCopy	24	static
../Core/Src/vga.c:132:19:memSet	24	static
../Core/Src/vga.c:149:6:vga_DMA_XFER_CPLT_CB_ID	96	static
../Core/Src/vga.c:155:6:vga_DMA_XFER_HALFCPLT_CB_ID	96	static
../Core/Src/vga.c:161:6:vga_DMA_XFER_M1CPLT_CB_ID	96	static
../Core/Src/vga.c:167:6:vga_DMA_XFER_M1HALFCPLT_CB_ID	96	static
../Core/Src/vga.c:173:6:vga_DMA_XFER_ERROR_CB_ID	96	static
../Core/Src/vga.c:179:6:vga_DMA_XFER_ABORT_CB_ID	96	static
../Core/Src/vga.c:185:6:vga_DMA_XFER_ALL_CB_ID	96	static
../Core/Src/vga.c:193:6:registerDebugInterupts	16	static
../Core/Src/vga.c:204:6:clearVisibleArea	16	static
../Core/Src/vga.c:209:6:setVerticalSync	16	static
../Core/Src/vga.c:218:6:setVerticalSyncP1	16	static
../Core/Src/vga.c:225:6:setVerticalSyncP2	16	static
../Core/Src/vga.c:232:6:setHorizontalSync	16	static
../Core/Src/vga.c:241:6:setHorizontalSyncP1	16	static
../Core/Src/vga.c:248:6:setHorizontalSyncP2	16	static
../Core/Src/vga.c:255:13:renderLine	104	static
../Core/Src/vga.c:265:6:copyLastLine	16	static
../Core/Src/vga.c:299:6:vgaStateMachine	24	static
../Core/Src/vga.c:447:6:prepareLine	16	static
../Core/Src/vga.c:495:6:vgaHalfCallBack	16	static
../Core/Src/vga.c:500:6:vgaFullCallBack	16	static
../Core/Src/vga.c:505:6:vgaCopyAndSetCallBack	16	static
../Core/Src/vga.c:510:6:vgaSetup	24	static
../Core/Src/vga.c:597:6:vgaStart	8	static
../Core/Src/vga.c:611:6:vgaStop	4	static
