../Core/Src/vga.c:63:6:setRed	16	static
../Core/Src/vga.c:66:6:setGreen	16	static
../Core/Src/vga.c:69:6:setBlue	16	static
../Core/Src/vga.c:72:6:setRGB	16	static
../Core/Src/vga.c:75:6:setHblank	16	static
../Core/Src/vga.c:78:6:setVblank	16	static
../Core/Src/vga.c:82:6:clearVisibleAria	24	static
../Core/Src/vga.c:102:6:setVerticalSync	24	static
../Core/Src/vga.c:123:6:setHorizontalSync	24	static
../Core/Src/vga.c:142:6:upscaleBackground	40	static
../Core/Src/vga.c:164:6:vgaSendBuffer	24	static
../Core/Src/vga.c:177:6:prepareLine	16	static
../Core/Src/vga.c:218:6:vgaLoop	8	static
