../Core/Src/vga.c:60:6:setRed	16	static
../Core/Src/vga.c:63:6:setGreen	16	static
../Core/Src/vga.c:66:6:setBlue	16	static
../Core/Src/vga.c:69:6:setRGB	16	static
../Core/Src/vga.c:72:6:setHblank	16	static
../Core/Src/vga.c:75:6:setVblank	16	static
../Core/Src/vga.c:79:6:clearVisibleAria	24	static
../Core/Src/vga.c:99:6:setVerticalSync	24	static
../Core/Src/vga.c:120:6:setHorizontalSync	24	static
../Core/Src/vga.c:139:6:upscaleBackground	40	static
../Core/Src/vga.c:161:6:vgaSendBuffer	24	static
../Core/Src/vga.c:174:6:prepareLine	16	static
../Core/Src/vga.c:215:6:vgaLoop	8	static
