../Core/Src/main.c:78:6:cd_set	16	static
../Core/Src/main.c:85:6:cd_tick	16	static
../Core/Src/main.c:100:5:cd_string	48	static
../Core/Src/main.c:105:6:uart_print_cd	120	static
../Core/Src/main.c:114:6:lcd_print_cd	32	static
../Core/Src/main.c:122:6:HAL_TIM_PeriodElapsedCallback	16	static
../Core/Src/main.c:133:5:main	112	static
../Core/Src/main.c:209:6:SystemClock_Config	88	static
../Core/Src/main.c:256:13:MX_I2C1_Init	8	static
../Core/Src/main.c:290:13:MX_TIM1_Init	32	static
../Core/Src/main.c:336:13:MX_TIM5_Init	32	static
../Core/Src/main.c:381:13:MX_USART2_UART_Init	8	static
../Core/Src/main.c:414:13:MX_GPIO_Init	48	static
../Core/Src/main.c:450:6:Error_Handler	4	static,ignoring_inline_asm
