Archive member included to satisfy reference by file (symbol)

m:/bin/st/stm32cubeide_1.9.0/stm32cubeide/plugins/com.st.stm32cube.ide.mcu.externaltools.gnu-tools-for-stm32.10.3-2021.10.win32_1.0.0.202111181127/tools/bin/../lib/gcc/arm-none-eabi/10.3.1/../../../../arm-none-eabi/lib/thumb/v7e-m+fp/hard\libc_nano.a(lib_a-errno.o)
                              ./Core/Src/syscalls.o (__errno)
m:/bin/st/stm32cubeide_1.9.0/stm32cubeide/plugins/com.st.stm32cube.ide.mcu.externaltools.gnu-tools-for-stm32.10.3-2021.10.win32_1.0.0.202111181127/tools/bin/../lib/gcc/arm-none-eabi/10.3.1/../../../../arm-none-eabi/lib/thumb/v7e-m+fp/hard\libc_nano.a(lib_a-exit.o)
                              m:/bin/st/stm32cubeide_1.9.0/stm32cubeide/plugins/com.st.stm32cube.ide.mcu.externaltools.gnu-tools-for-stm32.10.3-2021.10.win32_1.0.0.202111181127/tools/bin/../lib/gcc/arm-none-eabi/10.3.1/../../../../arm-none-eabi/lib/thumb/v7e-m+fp/hard/crt0.o (exit)
m:/bin/st/stm32cubeide_1.9.0/stm32cubeide/plugins/com.st.stm32cube.ide.mcu.externaltools.gnu-tools-for-stm32.10.3-2021.10.win32_1.0.0.202111181127/tools/bin/../lib/gcc/arm-none-eabi/10.3.1/../../../../arm-none-eabi/lib/thumb/v7e-m+fp/hard\libc_nano.a(lib_a-impure.o)
                              m:/bin/st/stm32cubeide_1.9.0/stm32cubeide/plugins/com.st.stm32cube.ide.mcu.externaltools.gnu-tools-for-stm32.10.3-2021.10.win32_1.0.0.202111181127/tools/bin/../lib/gcc/arm-none-eabi/10.3.1/../../../../arm-none-eabi/lib/thumb/v7e-m+fp/hard\libc_nano.a(lib_a-exit.o) (_global_impure_ptr)
m:/bin/st/stm32cubeide_1.9.0/stm32cubeide/plugins/com.st.stm32cube.ide.mcu.externaltools.gnu-tools-for-stm32.10.3-2021.10.win32_1.0.0.202111181127/tools/bin/../lib/gcc/arm-none-eabi/10.3.1/../../../../arm-none-eabi/lib/thumb/v7e-m+fp/hard\libc_nano.a(lib_a-init.o)
                              m:/bin/st/stm32cubeide_1.9.0/stm32cubeide/plugins/com.st.stm32cube.ide.mcu.externaltools.gnu-tools-for-stm32.10.3-2021.10.win32_1.0.0.202111181127/tools/bin/../lib/gcc/arm-none-eabi/10.3.1/../../../../arm-none-eabi/lib/thumb/v7e-m+fp/hard/crt0.o (__libc_init_array)
m:/bin/st/stm32cubeide_1.9.0/stm32cubeide/plugins/com.st.stm32cube.ide.mcu.externaltools.gnu-tools-for-stm32.10.3-2021.10.win32_1.0.0.202111181127/tools/bin/../lib/gcc/arm-none-eabi/10.3.1/../../../../arm-none-eabi/lib/thumb/v7e-m+fp/hard\libc_nano.a(lib_a-memset.o)
                              m:/bin/st/stm32cubeide_1.9.0/stm32cubeide/plugins/com.st.stm32cube.ide.mcu.externaltools.gnu-tools-for-stm32.10.3-2021.10.win32_1.0.0.202111181127/tools/bin/../lib/gcc/arm-none-eabi/10.3.1/../../../../arm-none-eabi/lib/thumb/v7e-m+fp/hard/crt0.o (memset)
m:/bin/st/stm32cubeide_1.9.0/stm32cubeide/plugins/com.st.stm32cube.ide.mcu.externaltools.gnu-tools-for-stm32.10.3-2021.10.win32_1.0.0.202111181127/tools/bin/../lib/gcc/arm-none-eabi/10.3.1/../../../../arm-none-eabi/lib/thumb/v7e-m+fp/hard\libc_nano.a(lib_a-sprintf.o)
                              ./Core/Src/dmaDebug.o (sprintf)
m:/bin/st/stm32cubeide_1.9.0/stm32cubeide/plugins/com.st.stm32cube.ide.mcu.externaltools.gnu-tools-for-stm32.10.3-2021.10.win32_1.0.0.202111181127/tools/bin/../lib/gcc/arm-none-eabi/10.3.1/../../../../arm-none-eabi/lib/thumb/v7e-m+fp/hard\libc_nano.a(lib_a-nano-svfprintf.o)
                              m:/bin/st/stm32cubeide_1.9.0/stm32cubeide/plugins/com.st.stm32cube.ide.mcu.externaltools.gnu-tools-for-stm32.10.3-2021.10.win32_1.0.0.202111181127/tools/bin/../lib/gcc/arm-none-eabi/10.3.1/../../../../arm-none-eabi/lib/thumb/v7e-m+fp/hard\libc_nano.a(lib_a-sprintf.o) (_svfprintf_r)
m:/bin/st/stm32cubeide_1.9.0/stm32cubeide/plugins/com.st.stm32cube.ide.mcu.externaltools.gnu-tools-for-stm32.10.3-2021.10.win32_1.0.0.202111181127/tools/bin/../lib/gcc/arm-none-eabi/10.3.1/../../../../arm-none-eabi/lib/thumb/v7e-m+fp/hard\libc_nano.a(lib_a-nano-vfprintf_i.o)
                              m:/bin/st/stm32cubeide_1.9.0/stm32cubeide/plugins/com.st.stm32cube.ide.mcu.externaltools.gnu-tools-for-stm32.10.3-2021.10.win32_1.0.0.202111181127/tools/bin/../lib/gcc/arm-none-eabi/10.3.1/../../../../arm-none-eabi/lib/thumb/v7e-m+fp/hard\libc_nano.a(lib_a-nano-svfprintf.o) (_printf_i)
m:/bin/st/stm32cubeide_1.9.0/stm32cubeide/plugins/com.st.stm32cube.ide.mcu.externaltools.gnu-tools-for-stm32.10.3-2021.10.win32_1.0.0.202111181127/tools/bin/../lib/gcc/arm-none-eabi/10.3.1/../../../../arm-none-eabi/lib/thumb/v7e-m+fp/hard\libc_nano.a(lib_a-memchr.o)
                              m:/bin/st/stm32cubeide_1.9.0/stm32cubeide/plugins/com.st.stm32cube.ide.mcu.externaltools.gnu-tools-for-stm32.10.3-2021.10.win32_1.0.0.202111181127/tools/bin/../lib/gcc/arm-none-eabi/10.3.1/../../../../arm-none-eabi/lib/thumb/v7e-m+fp/hard\libc_nano.a(lib_a-nano-svfprintf.o) (memchr)
m:/bin/st/stm32cubeide_1.9.0/stm32cubeide/plugins/com.st.stm32cube.ide.mcu.externaltools.gnu-tools-for-stm32.10.3-2021.10.win32_1.0.0.202111181127/tools/bin/../lib/gcc/arm-none-eabi/10.3.1/../../../../arm-none-eabi/lib/thumb/v7e-m+fp/hard\libc_nano.a(lib_a-memcpy-stub.o)
[...]
Memory Configuration

Name             Origin             Length             Attributes
RAM              0x0000000020000000 0x0000000000018000 xrw
FLASH            0x0000000008000000 0x0000000000080000 xr
*default*        0x0000000000000000 0xffffffffffffffff

Linker script and memory map

LOAD m:/bin/st/stm32cubeide_1.9.0/stm32cubeide/plugins/com.st.stm32cube.ide.mcu.externaltools.gnu-tools-for-stm32.10.3-2021.10.win32_1.0.0.202111181127/tools/bin/../lib/gcc/arm-none-eabi/10.3.1/thumb/v7e-m+fp/hard/crti.o
LOAD m:/bin/st/stm32cubeide_1.9.0/stm32cubeide/plugins/com.st.stm32cube.ide.mcu.externaltools.gnu-tools-for-stm32.10.3-2021.10.win32_1.0.0.202111181127/tools/bin/../lib/gcc/arm-none-eabi/10.3.1/thumb/v7e-m+fp/hard/crtbegin.o
LOAD m:/bin/st/stm32cubeide_1.9.0/stm32cubeide/plugins/com.st.stm32cube.ide.mcu.externaltools.gnu-tools-for-stm32.10.3-2021.10.win32_1.0.0.202111181127/tools/bin/../lib/gcc/arm-none-eabi/10.3.1/../../../../arm-none-eabi/lib/thumb/v7e-m+fp/hard/crt0.o
LOAD ./Core/Src/codepage-437-bmp.o
LOAD ./Core/Src/dmaDebug.o
LOAD ./Core/Src/graphicsLib.o
LOAD ./Core/Src/main.o
LOAD ./Core/Src/stm32f4xx_hal_msp.o
LOAD ./Core/Src/stm32f4xx_it.o
LOAD ./Core/Src/syscalls.o
LOAD ./Core/Src/sysmem.o
LOAD ./Core/Src/system_stm32f4xx.o
LOAD ./Core/Src/vga.o
LOAD ./Core/Startup/startup_stm32f401retx.o
LOAD ./Core/oldCode/RetiredCode.o
LOAD ./Core/oldCode/memFunc.o
LOAD ./Drivers/STM32F4xx_HAL_Driver/Src/stm32f4xx_hal.o
LOAD ./Drivers/STM32F4xx_HAL_Driver/Src/stm32f4xx_hal_cortex.o
LOAD ./Drivers/STM32F4xx_HAL_Driver/Src/stm32f4xx_hal_dma.o
LOAD ./Drivers/STM32F4xx_HAL_Driver/Src/stm32f4xx_hal_dma_ex.o
LOAD ./Drivers/STM32F4xx_HAL_Driver/Src/stm32f4xx_hal_exti.o
LOAD ./Drivers/STM32F4xx_HAL_Driver/Src/stm32f4xx_hal_flash.o
LOAD ./Drivers/STM32F4xx_HAL_Driver/Src/stm32f4xx_hal_flash_ex.o
LOAD ./Drivers/STM32F4xx_HAL_Driver/Src/stm32f4xx_hal_flash_ramfunc.o
LOAD ./Drivers/STM32F4xx_HAL_Driver/Src/stm32f4xx_hal_gpio.o
LOAD ./Drivers/STM32F4xx_HAL_Driver/Src/stm32f4xx_hal_pwr.o
LOAD ./Drivers/STM32F4xx_HAL_Driver/Src/stm32f4xx_hal_pwr_ex.o
LOAD ./Drivers/STM32F4xx_HAL_Driver/Src/stm32f4xx_hal_rcc.o
LOAD ./Drivers/STM32F4xx_HAL_Driver/Src/stm32f4xx_hal_rcc_ex.o
LOAD ./Drivers/STM32F4xx_HAL_Driver/Src/stm32f4xx_hal_tim.o
LOAD ./Drivers/STM32F4xx_HAL_Driver/Src/stm32f4xx_hal_tim_ex.o
LOAD ./Drivers/STM32F4xx_HAL_Driver/Src/stm32f4xx_hal_uart.o
START GROUP
LOAD m:/bin/st/stm32cubeide_1.9.0/stm32cubeide/plugins/com.st.stm32cube.ide.mcu.externaltools.gnu-tools-for-stm32.10.3-2021.10.win32_1.0.0.202111181127/tools/bin/../lib/gcc/arm-none-eabi/10.3.1/../../../../arm-none-eabi/lib/thumb/v7e-m+fp/hard\libc_nano.a
LOAD m:/bin/st/stm32cubeide_1.9.0/stm32cubeide/plugins/com.st.stm32cube.ide.mcu.externaltools.gnu-tools-for-stm32.10.3-2021.10.win32_1.0.0.202111181127/tools/bin/../lib/gcc/arm-none-eabi/10.3.1/../../../../arm-none-eabi/lib/thumb/v7e-m+fp/hard\libm.a
END GROUP
START GROUP
LOAD m:/bin/st/stm32cubeide_1.9.0/stm32cubeide/plugins/com.st.stm32cube.ide.mcu.externaltools.gnu-tools-for-stm32.10.3-2021.10.win32_1.0.0.202111181127/tools/bin/../lib/gcc/arm-none-eabi/10.3.1/thumb/v7e-m+fp/hard\libgcc.a
LOAD m:/bin/st/stm32cubeide_1.9.0/stm32cubeide/plugins/com.st.stm32cube.ide.mcu.externaltools.gnu-tools-for-stm32.10.3-2021.10.win32_1.0.0.202111181127/tools/bin/../lib/gcc/arm-none-eabi/10.3.1/../../../../arm-none-eabi/lib/thumb/v7e-m+fp/hard\libc_nano.a
END GROUP
START GROUP
LOAD m:/bin/st/stm32cubeide_1.9.0/stm32cubeide/plugins/com.st.stm32cube.ide.mcu.externaltools.gnu-tools-for-stm32.10.3-2021.10.win32_1.0.0.202111181127/tools/bin/../lib/gcc/arm-none-eabi/10.3.1/thumb/v7e-m+fp/hard\libgcc.a
LOAD m:/bin/st/stm32cubeide_1.9.0/stm32cubeide/plugins/com.st.stm32cube.ide.mcu.externaltools.gnu-tools-for-stm32.10.3-2021.10.win32_1.0.0.202111181127/tools/bin/../lib/gcc/arm-none-eabi/10.3.1/../../../../arm-none-eabi/lib/thumb/v7e-m+fp/hard\libc_nano.a
LOAD m:/bin/st/stm32cubeide_1.9.0/stm32cubeide/plugins/com.st.stm32cube.ide.mcu.externaltools.gnu-tools-for-stm32.10.3-2021.10.win32_1.0.0.202111181127/tools/bin/../lib/gcc/arm-none-eabi/10.3.1/../../../../arm-none-eabi/lib/thumb/v7e-m+fp/hard\libnosys.a
END GROUP
START GROUP
LOAD m:/bin/st/stm32cubeide_1.9.0/stm32cubeide/plugins/com.st.stm32cube.ide.mcu.externaltools.gnu-tools-for-stm32.10.3-2021.10.win32_1.0.0.202111181127/tools/bin/../lib/gcc/arm-none-eabi/10.3.1/thumb/v7e-m+fp/hard\libgcc.a
LOAD m:/bin/st/stm32cubeide_1.9.0/stm32cubeide/plugins/com.st.stm32cube.ide.mcu.externaltools.gnu-tools-for-stm32.10.3-2021.10.win32_1.0.0.202111181127/tools/bin/../lib/gcc/arm-none-eabi/10.3.1/../../../../arm-none-eabi/lib/thumb/v7e-m+fp/hard\libc_nano.a
LOAD m:/bin/st/stm32cubeide_1.9.0/stm32cubeide/plugins/com.st.stm32cube.ide.mcu.externaltools.gnu-tools-for-stm32.10.3-2021.10.win32_1.0.0.202111181127/tools/bin/../lib/gcc/arm-none-eabi/10.3.1/../../../../arm-none-eabi/lib/thumb/v7e-m+fp/hard\libnosys.a
END GROUP
LOAD m:/bin/st/stm32cubeide_1.9.0/stm32cubeide/plugins/com.st.stm32cube.ide.mcu.externaltools.gnu-tools-for-stm32.10.3-2021.10.win32_1.0.0.202111181127/tools/bin/../lib/gcc/arm-none-eabi/10.3.1/thumb/v7e-m+fp/hard/crtend.o
LOAD m:/bin/st/stm32cubeide_1.9.0/stm32cubeide/plugins/com.st.stm32cube.ide.mcu.externaltools.gnu-tools-for-stm32.10.3-2021.10.win32_1.0.0.202111181127/tools/bin/../lib/gcc/arm-none-eabi/10.3.1/thumb/v7e-m+fp/hard/crtn.o
                0x0000000020018000                _estack = (ORIGIN (RAM) + LENGTH (RAM))
                0x0000000000000200                _Min_Heap_Size = 0x200
                0x0000000000000400                _Min_Stack_Size = 0x400

.isr_vector     0x0000000008000000      0x194
                0x0000000008000000                . = ALIGN (0x4)
 *(.isr_vector)
 .isr_vector    0x0000000008000000      0x194 ./Core/Startup/startup_stm32f401retx.o
                0x0000000008000000                g_pfnVectors
                0x0000000008000194                . = ALIGN (0x4)

.text           0x00000000080001a0     0x4bfc
                0x00000000080001a0                . = ALIGN (0x4)
 *(.text)
 .text          0x00000000080001a0       0x40 m:/bin/st/stm32cubeide_1.9.0/stm32cubeide/plugins/com.st.stm32cube.ide.mcu.externaltools.gnu-tools-for-stm32.10.3-2021.10.win32_1.0.0.202111181127/tools/bin/../lib/gcc/arm-none-eabi/10.3.1/thumb/v7e-m+fp/hard/crtbegin.o
 .text          0x00000000080001e0       0xa0 m:/bin/st/stm32cubeide_1.9.0/stm32cubeide/plugins/com.st.stm32cube.ide.mcu.externaltools.gnu-tools-for-stm32.10.3-2021.10.win32_1.0.0.202111181127/tools/bin/../lib/gcc/arm-none-eabi/10.3.1/../../../../arm-none-eabi/lib/thumb/v7e-m+fp/hard\libc_nano.a(lib_a-memchr.o)
                0x00000000080001e0                memchr
 .text          0x0000000008000280       0x30 m:/bin/st/stm32cubeide_1.9.0/stm32cubeide/plugins/com.st.stm32cube.ide.mcu.externaltools.gnu-tools-for-stm32.10.3-2021.10.win32_1.0.0.202111181127/tools/bin/../lib/gcc/arm-none-eabi/10.3.1/thumb/v7e-m+fp/hard\libgcc.a(_aeabi_uldivmod.o)
                0x0000000008000280                __aeabi_uldivmod
 .text          0x00000000080002b0      0x2d0 m:/bin/st/stm32cubeide_1.9.0/stm32cubeide/plugins/com.st.stm32cube.ide.mcu.externaltools.gnu-tools-for-stm32.10.3-2021.10.win32_1.0.0.202111181127/tools/bin/../lib/gcc/arm-none-eabi/10.3.1/thumb/v7e-m+fp/hard\libgcc.a(_udivmoddi4.o)
                0x00000000080002b0                __udivmoddi4
 .text          0x0000000008000580        0x4 m:/bin/st/stm32cubeide_1.9.0/stm32cubeide/plugins/com.st.stm32cube.ide.mcu.externaltools.gnu-tools-for-stm32.10.3-2021.10.win32_1.0.0.202111181127/tools/bin/../lib/gcc/arm-none-eabi/10.3.1/thumb/v7e-m+fp/hard\libgcc.a(_dvmd_tls.o)
                0x0000000008000580                __aeabi_idiv0
                0x0000000008000580                __aeabi_ldiv0
 *(.text*)
 .text.vga_DMA_XFER_CPLT_CB_ID
                0x0000000008000584       0x3c ./Core/Src/dmaDebug.o
                0x0000000008000584                vga_DMA_XFER_CPLT_CB_ID
 .text.vga_DMA_XFER_HALFCPLT_CB_ID
                0x00000000080005c0       0x3c ./Core/Src/dmaDebug.o
                0x00000000080005c0                vga_DMA_XFER_HALFCPLT_CB_ID
 .text.vga_DMA_XFER_M1CPLT_CB_ID
                0x00000000080005fc       0x3c ./Core/Src/dmaDebug.o
                0x00000000080005fc                vga_DMA_XFER_M1CPLT_CB_ID
 .text.vga_DMA_XFER_M1HALFCPLT_CB_ID
                0x0000000008000638       0x3c ./Core/Src/dmaDebug.o
                0x0000000008000638                vga_DMA_XFER_M1HALFCPLT_CB_ID
 .text.vga_DMA_XFER_ERROR_CB_ID
                0x0000000008000674      0x1a8 ./Core/Src/dmaDebug.o
                0x0000000008000674                vga_DMA_XFER_ERROR_CB_ID
 .text.vga_DMA_XFER_ABORT_CB_ID
                0x000000000800081c       0x3c ./Core/Src/dmaDebug.o
                0x000000000800081c                vga_DMA_XFER_ABORT_CB_ID
 .text.vga_DMA_XFER_ALL_CB_ID
                0x0000000008000858       0x3c ./Core/Src/dmaDebug.o
                0x0000000008000858                vga_DMA_XFER_ALL_CB_ID
 .text.registerDebugInterupts
                0x0000000008000894       0x7c ./Core/Src/dmaDebug.o
                0x0000000008000894                registerDebugInterupts
 .text.registerHUARTdmaDebug
                0x0000000008000910       0x20 ./Core/Src/dmaDebug.o
                0x0000000008000910                registerHUARTdmaDebug
 .text.HAL_TIM_PeriodElapsedCallback
                0x0000000008000930       0x64 ./Core/Src/main.o
                0x0000000008000930                HAL_TIM_PeriodElapsedCallback
 .text.main     0x0000000008000994      0x17c ./Core/Src/main.o
                0x0000000008000994                main
 .text.SystemClock_Config
                0x0000000008000b10       0xd4 ./Core/Src/main.o
                0x0000000008000b10                SystemClock_Config
 .text.MX_TIM1_Init
                0x0000000008000be4      0x140 ./Core/Src/main.o
 .text.MX_TIM5_Init
                0x0000000008000d24       0x9c ./Core/Src/main.o
 .text.MX_USART2_UART_Init
                0x0000000008000dc0       0x54 ./Core/Src/main.o
 .text.MX_DMA_Init
                0x0000000008000e14       0xb0 ./Core/Src/main.o
 .text.MX_GPIO_Init
                0x0000000008000ec4      0x124 ./Core/Src/main.o
 .text.Error_Handler
                0x0000000008000fe8        0xa ./Core/Src/main.o
                0x0000000008000fe8                Error_Handler
 *fill*         0x0000000008000ff2        0x2 
 .text.HAL_MspInit
                0x0000000008000ff4       0x50 ./Core/Src/stm32f4xx_hal_msp.o
                0x0000000008000ff4                HAL_MspInit
 .text.HAL_TIM_Base_MspInit
                0x0000000008001044       0xf8 ./Core/Src/stm32f4xx_hal_msp.o
                0x0000000008001044                HAL_TIM_Base_MspInit
 .text.HAL_TIM_MspPostInit
                0x000000000800113c       0x74 ./Core/Src/stm32f4xx_hal_msp.o
                0x000000000800113c                HAL_TIM_MspPostInit
 .text.HAL_UART_MspInit
                0x00000000080011b0       0x90 ./Core/Src/stm32f4xx_hal_msp.o
                0x00000000080011b0                HAL_UART_MspInit
 .text.NMI_Handler
                0x0000000008001240        0x6 ./Core/Src/stm32f4xx_it.o
                0x0000000008001240                NMI_Handler
 .text.HardFault_Handler
                0x0000000008001246        0x6 ./Core/Src/stm32f4xx_it.o
                0x0000000008001246                HardFault_Handler
 .text.MemManage_Handler
                0x000000000800124c        0x6 ./Core/Src/stm32f4xx_it.o
                0x000000000800124c                MemManage_Handler
 .text.BusFault_Handler
                0x0000000008001252        0x6 ./Core/Src/stm32f4xx_it.o
                0x0000000008001252                BusFault_Handler
 .text.UsageFault_Handler
                0x0000000008001258        0x6 ./Core/Src/stm32f4xx_it.o
                0x0000000008001258                UsageFault_Handler
 .text.SVC_Handler
                0x000000000800125e        0xe ./Core/Src/stm32f4xx_it.o
                0x000000000800125e                SVC_Handler
 .text.DebugMon_Handler
                0x000000000800126c        0xe ./Core/Src/stm32f4xx_it.o
                0x000000000800126c                DebugMon_Handler
 .text.PendSV_Handler
                0x000000000800127a        0xe ./Core/Src/stm32f4xx_it.o
                0x000000000800127a                PendSV_Handler
 .text.SysTick_Handler
                0x0000000008001288        0xc ./Core/Src/stm32f4xx_it.o
                0x0000000008001288                SysTick_Handler
 .text.TIM5_IRQHandler
                0x0000000008001294       0x14 ./Core/Src/stm32f4xx_it.o
                0x0000000008001294                TIM5_IRQHandler
 .text.DMA2_Stream5_IRQHandler
                0x00000000080012a8       0x14 ./Core/Src/stm32f4xx_it.o
                0x00000000080012a8                DMA2_Stream5_IRQHandler
 .text._sbrk    0x00000000080012bc       0x6c ./Core/Src/sysmem.o
                0x00000000080012bc                _sbrk
 .text.SystemInit
                0x0000000008001328       0x24 ./Core/Src/system_stm32f4xx.o
                0x0000000008001328                SystemInit
 .text.registerHUARTvga
                0x000000000800134c       0x20 ./Core/Src/vga.o
                0x000000000800134c                registerHUARTvga
 .text.vgaDriver
                0x000000000800136c       0xd4 ./Core/Src/vga.o
                0x000000000800136c                vgaDriver
 .text.vgaHalfCallBack
                0x0000000008001440       0x14 ./Core/Src/vga.o
                0x0000000008001440                vgaHalfCallBack
 .text.vgaFullCallBack
                0x0000000008001454       0x14 ./Core/Src/vga.o
                0x0000000008001454                vgaFullCallBack
 .text.vgaSetup
                0x0000000008001468      0x10c ./Core/Src/vga.o
                0x0000000008001468                vgaSetup
 .text.vgaStart
                0x0000000008001574       0x80 ./Core/Src/vga.o
                0x0000000008001574                vgaStart
 .text.Reset_Handler
                0x00000000080015f4       0x50 ./Core/Startup/startup_stm32f401retx.o
                0x00000000080015f4                Reset_Handler
 .text.Default_Handler
                0x0000000008001644        0x2 ./Core/Startup/startup_stm32f401retx.o
                0x0000000008001644                RTC_Alarm_IRQHandler
                0x0000000008001644                EXTI2_IRQHandler
                0x0000000008001644                SPI4_IRQHandler
                0x0000000008001644                TIM1_CC_IRQHandler
                0x0000000008001644                DMA1_Stream5_IRQHandler
                0x0000000008001644                PVD_IRQHandler
                0x0000000008001644                SDIO_IRQHandler
                0x0000000008001644                TAMP_STAMP_IRQHandler
                0x0000000008001644                EXTI3_IRQHandler
                0x0000000008001644                TIM1_UP_TIM10_IRQHandler
                0x0000000008001644                I2C3_ER_IRQHandler
                0x0000000008001644                EXTI0_IRQHandler
                0x0000000008001644                I2C2_EV_IRQHandler
                0x0000000008001644                DMA1_Stream2_IRQHandler
                0x0000000008001644                FPU_IRQHandler
                0x0000000008001644                DMA2_Stream2_IRQHandler
                0x0000000008001644                SPI1_IRQHandler
                0x0000000008001644                TIM1_BRK_TIM9_IRQHandler
                0x0000000008001644                DMA2_Stream3_IRQHandler
                0x0000000008001644                USART6_IRQHandler
                0x0000000008001644                DMA2_Stream0_IRQHandler
                0x0000000008001644                TIM4_IRQHandler
                0x0000000008001644                I2C1_EV_IRQHandler
                0x0000000008001644                DMA1_Stream6_IRQHandler
                0x0000000008001644                DMA1_Stream1_IRQHandler
                0x0000000008001644                TIM3_IRQHandler
                0x0000000008001644                RCC_IRQHandler
                0x0000000008001644                Default_Handler
                0x0000000008001644                EXTI15_10_IRQHandler
                0x0000000008001644                ADC_IRQHandler
                0x0000000008001644                DMA1_Stream7_IRQHandler
                0x0000000008001644                DMA2_Stream7_IRQHandler
                0x0000000008001644                I2C3_EV_IRQHandler
                0x0000000008001644                EXTI9_5_IRQHandler
                0x0000000008001644                RTC_WKUP_IRQHandler
                0x0000000008001644                SPI2_IRQHandler
                0x0000000008001644                DMA1_Stream0_IRQHandler
                0x0000000008001644                EXTI4_IRQHandler
                0x0000000008001644                WWDG_IRQHandler
                0x0000000008001644                TIM2_IRQHandler
                0x0000000008001644                OTG_FS_WKUP_IRQHandler
                0x0000000008001644                TIM1_TRG_COM_TIM11_IRQHandler
                0x0000000008001644                EXTI1_IRQHandler
                0x0000000008001644                USART2_IRQHandler
                0x0000000008001644                I2C2_ER_IRQHandler
                0x0000000008001644                DMA2_Stream1_IRQHandler
                0x0000000008001644                FLASH_IRQHandler
                0x0000000008001644                DMA2_Stream4_IRQHandler
                0x0000000008001644                USART1_IRQHandler
                0x0000000008001644                OTG_FS_IRQHandler
                0x0000000008001644                SPI3_IRQHandler
                0x0000000008001644                DMA1_Stream4_IRQHandler
                0x0000000008001644                I2C1_ER_IRQHandler
                0x0000000008001644                DMA2_Stream6_IRQHandler
                0x0000000008001644                DMA1_Stream3_IRQHandler
 *fill*         0x0000000008001646        0x2 
 .text.HAL_Init
                0x0000000008001648       0x44 ./Drivers/STM32F4xx_HAL_Driver/Src/stm32f4xx_hal.o
                0x0000000008001648                HAL_Init
 .text.HAL_InitTick
                0x000000000800168c       0x60 ./Drivers/STM32F4xx_HAL_Driver/Src/stm32f4xx_hal.o
                0x000000000800168c                HAL_InitTick
 .text.HAL_IncTick
                0x00000000080016ec       0x28 ./Drivers/STM32F4xx_HAL_Driver/Src/stm32f4xx_hal.o
                0x00000000080016ec                HAL_IncTick
 .text.HAL_GetTick
                0x0000000008001714       0x18 ./Drivers/STM32F4xx_HAL_Driver/Src/stm32f4xx_hal.o
                0x0000000008001714                HAL_GetTick
 .text.__NVIC_SetPriorityGrouping
                0x000000000800172c       0x48 ./Drivers/STM32F4xx_HAL_Driver/Src/stm32f4xx_hal_cortex.o
 .text.__NVIC_GetPriorityGrouping
                0x0000000008001774       0x1c ./Drivers/STM32F4xx_HAL_Driver/Src/stm32f4xx_hal_cortex.o
 .text.__NVIC_EnableIRQ
                0x0000000008001790       0x3c ./Drivers/STM32F4xx_HAL_Driver/Src/stm32f4xx_hal_cortex.o
 .text.__NVIC_SetPriority
                0x00000000080017cc       0x54 ./Drivers/STM32F4xx_HAL_Driver/Src/stm32f4xx_hal_cortex.o
 .text.NVIC_EncodePriority
                0x0000000008001820       0x66 ./Drivers/STM32F4xx_HAL_Driver/Src/stm32f4xx_hal_cortex.o
 *fill*         0x0000000008001886        0x2 
 .text.SysTick_Config
                0x0000000008001888       0x44 ./Drivers/STM32F4xx_HAL_Driver/Src/stm32f4xx_hal_cortex.o
 .text.HAL_NVIC_SetPriorityGrouping
                0x00000000080018cc       0x16 ./Drivers/STM32F4xx_HAL_Driver/Src/stm32f4xx_hal_cortex.o
                0x00000000080018cc                HAL_NVIC_SetPriorityGrouping
 .text.HAL_NVIC_SetPriority
                0x00000000080018e2       0x38 ./Drivers/STM32F4xx_HAL_Driver/Src/stm32f4xx_hal_cortex.o
                0x00000000080018e2                HAL_NVIC_SetPriority
 .text.HAL_NVIC_EnableIRQ
                0x000000000800191a       0x1c ./Drivers/STM32F4xx_HAL_Driver/Src/stm32f4xx_hal_cortex.o
                0x000000000800191a                HAL_NVIC_EnableIRQ
 .text.HAL_SYSTICK_Config
                0x0000000008001936       0x18 ./Drivers/STM32F4xx_HAL_Driver/Src/stm32f4xx_hal_cortex.o
                0x0000000008001936                HAL_SYSTICK_Config
 *fill*         0x000000000800194e        0x2 
 .text.HAL_DMA_Init
                0x0000000008001950      0x15c ./Drivers/STM32F4xx_HAL_Driver/Src/stm32f4xx_hal_dma.o
                0x0000000008001950                HAL_DMA_Init
 .text.HAL_DMA_Start_IT
                0x0000000008001aac       0xb0 ./Drivers/STM32F4xx_HAL_Driver/Src/stm32f4xx_hal_dma.o
                0x0000000008001aac                HAL_DMA_Start_IT
 .text.HAL_DMA_IRQHandler
                0x0000000008001b5c      0x314 ./Drivers/STM32F4xx_HAL_Driver/Src/stm32f4xx_hal_dma.o
                0x0000000008001b5c                HAL_DMA_IRQHandler
 .text.HAL_DMA_RegisterCallback
                0x0000000008001e70       0xa8 ./Drivers/STM32F4xx_HAL_Driver/Src/stm32f4xx_hal_dma.o
                0x0000000008001e70                HAL_DMA_RegisterCallback
 .text.HAL_DMA_GetError
                0x0000000008001f18       0x18 ./Drivers/STM32F4xx_HAL_Driver/Src/stm32f4xx_hal_dma.o
                0x0000000008001f18                HAL_DMA_GetError
 .text.DMA_SetConfig
                0x0000000008001f30       0x5c ./Drivers/STM32F4xx_HAL_Driver/Src/stm32f4xx_hal_dma.o
 .text.DMA_CalcBaseAndBitshift
                0x0000000008001f8c       0x6c ./Drivers/STM32F4xx_HAL_Driver/Src/stm32f4xx_hal_dma.o
 .text.DMA_CheckFifoParam
                0x0000000008001ff8       0xf8 ./Drivers/STM32F4xx_HAL_Driver/Src/stm32f4xx_hal_dma.o
 .text.HAL_GPIO_Init
                0x00000000080020f0      0x308 ./Drivers/STM32F4xx_HAL_Driver/Src/stm32f4xx_hal_gpio.o
                0x00000000080020f0                HAL_GPIO_Init
 .text.HAL_GPIO_WritePin
                0x00000000080023f8       0x32 ./Drivers/STM32F4xx_HAL_Driver/Src/stm32f4xx_hal_gpio.o
                0x00000000080023f8                HAL_GPIO_WritePin
 *fill*         0x000000000800242a        0x2 
 .text.HAL_RCC_OscConfig
                0x000000000800242c      0x4f0 ./Drivers/STM32F4xx_HAL_Driver/Src/stm32f4xx_hal_rcc.o
                0x000000000800242c                HAL_RCC_OscConfig
 .text.HAL_RCC_ClockConfig
                0x000000000800291c      0x1cc ./Drivers/STM32F4xx_HAL_Driver/Src/stm32f4xx_hal_rcc.o
                0x000000000800291c                HAL_RCC_ClockConfig
 .text.HAL_RCC_GetSysClockFreq
                0x0000000008002ae8      0x20c ./Drivers/STM32F4xx_HAL_Driver/Src/stm32f4xx_hal_rcc.o
                0x0000000008002ae8                HAL_RCC_GetSysClockFreq
 .text.HAL_RCC_GetHCLKFreq
                0x0000000008002cf4       0x18 ./Drivers/STM32F4xx_HAL_Driver/Src/stm32f4xx_hal_rcc.o
                0x0000000008002cf4                HAL_RCC_GetHCLKFreq
 .text.HAL_RCC_GetPCLK1Freq
                0x0000000008002d0c       0x28 ./Drivers/STM32F4xx_HAL_Driver/Src/stm32f4xx_hal_rcc.o
                0x0000000008002d0c                HAL_RCC_GetPCLK1Freq
 .text.HAL_RCC_GetPCLK2Freq
                0x0000000008002d34       0x28 ./Drivers/STM32F4xx_HAL_Driver/Src/stm32f4xx_hal_rcc.o
                0x0000000008002d34                HAL_RCC_GetPCLK2Freq
 .text.HAL_TIM_Base_Init
                0x0000000008002d5c       0x9e ./Drivers/STM32F4xx_HAL_Driver/Src/stm32f4xx_hal_tim.o
                0x0000000008002d5c                HAL_TIM_Base_Init
 .text.HAL_TIM_PWM_Init
                0x0000000008002dfa       0x9e ./Drivers/STM32F4xx_HAL_Driver/Src/stm32f4xx_hal_tim.o
                0x0000000008002dfa                HAL_TIM_PWM_Init
 .text.HAL_TIM_PWM_MspInit
                0x0000000008002e98       0x14 ./Drivers/STM32F4xx_HAL_Driver/Src/stm32f4xx_hal_tim.o
                0x0000000008002e98                HAL_TIM_PWM_MspInit
 .text.HAL_TIM_PWM_Start
                0x0000000008002eac      0x160 ./Drivers/STM32F4xx_HAL_Driver/Src/stm32f4xx_hal_tim.o
                0x0000000008002eac                HAL_TIM_PWM_Start
 .text.HAL_TIM_IRQHandler
                0x000000000800300c      0x210 ./Drivers/STM32F4xx_HAL_Driver/Src/stm32f4xx_hal_tim.o
                0x000000000800300c                HAL_TIM_IRQHandler
 .text.HAL_TIM_PWM_ConfigChannel
                0x000000000800321c      0x184 ./Drivers/STM32F4xx_HAL_Driver/Src/stm32f4xx_hal_tim.o
                0x000000000800321c                HAL_TIM_PWM_ConfigChannel
 .text.HAL_TIM_ConfigClockSource
                0x00000000080033a0      0x18e ./Drivers/STM32F4xx_HAL_Driver/Src/stm32f4xx_hal_tim.o
                0x00000000080033a0                HAL_TIM_ConfigClockSource
 .text.HAL_TIM_OC_DelayElapsedCallback
                0x000000000800352e       0x14 ./Drivers/STM32F4xx_HAL_Driver/Src/stm32f4xx_hal_tim.o
                0x000000000800352e                HAL_TIM_OC_DelayElapsedCallback
 .text.HAL_TIM_IC_CaptureCallback
                0x0000000008003542       0x14 ./Drivers/STM32F4xx_HAL_Driver/Src/stm32f4xx_hal_tim.o
                0x0000000008003542                HAL_TIM_IC_CaptureCallback
 .text.HAL_TIM_PWM_PulseFinishedCallback
                0x0000000008003556       0x14 ./Drivers/STM32F4xx_HAL_Driver/Src/stm32f4xx_hal_tim.o
                0x0000000008003556                HAL_TIM_PWM_PulseFinishedCallback
 .text.HAL_TIM_TriggerCallback
                0x000000000800356a       0x14 ./Drivers/STM32F4xx_HAL_Driver/Src/stm32f4xx_hal_tim.o
                0x000000000800356a                HAL_TIM_TriggerCallback
 *fill*         0x000000000800357e        0x2 
 .text.TIM_Base_SetConfig
                0x0000000008003580      0x100 ./Drivers/STM32F4xx_HAL_Driver/Src/stm32f4xx_hal_tim.o
                0x0000000008003580                TIM_Base_SetConfig
 .text.TIM_OC1_SetConfig
                0x0000000008003680       0xcc ./Drivers/STM32F4xx_HAL_Driver/Src/stm32f4xx_hal_tim.o
 .text.TIM_OC2_SetConfig
                0x000000000800374c       0xd8 ./Drivers/STM32F4xx_HAL_Driver/Src/stm32f4xx_hal_tim.o
                0x000000000800374c                TIM_OC2_SetConfig
 .text.TIM_OC3_SetConfig
                0x0000000008003824       0xd4 ./Drivers/STM32F4xx_HAL_Driver/Src/stm32f4xx_hal_tim.o
 .text.TIM_OC4_SetConfig
                0x00000000080038f8       0xa0 ./Drivers/STM32F4xx_HAL_Driver/Src/stm32f4xx_hal_tim.o
 .text.TIM_TI1_ConfigInputStage
                0x0000000008003998       0x5e ./Drivers/STM32F4xx_HAL_Driver/Src/stm32f4xx_hal_tim.o
 .text.TIM_TI2_ConfigInputStage
                0x00000000080039f6       0x60 ./Drivers/STM32F4xx_HAL_Driver/Src/stm32f4xx_hal_tim.o
 .text.TIM_ITRx_SetConfig
                0x0000000008003a56       0x36 ./Drivers/STM32F4xx_HAL_Driver/Src/stm32f4xx_hal_tim.o
 .text.TIM_ETR_SetConfig
                0x0000000008003a8c       0x40 ./Drivers/STM32F4xx_HAL_Driver/Src/stm32f4xx_hal_tim.o
                0x0000000008003a8c                TIM_ETR_SetConfig
 .text.TIM_CCxChannelCmd
                0x0000000008003acc       0x4a ./Drivers/STM32F4xx_HAL_Driver/Src/stm32f4xx_hal_tim.o
                0x0000000008003acc                TIM_CCxChannelCmd
 *fill*         0x0000000008003b16        0x2 
 .text.HAL_TIMEx_MasterConfigSynchronization
                0x0000000008003b18       0xdc ./Drivers/STM32F4xx_HAL_Driver/Src/stm32f4xx_hal_tim_ex.o
                0x0000000008003b18                HAL_TIMEx_MasterConfigSynchronization
 .text.HAL_TIMEx_ConfigBreakDeadTime
                0x0000000008003bf4       0xa4 ./Drivers/STM32F4xx_HAL_Driver/Src/stm32f4xx_hal_tim_ex.o
                0x0000000008003bf4                HAL_TIMEx_ConfigBreakDeadTime
 .text.HAL_TIMEx_CommutCallback
                0x0000000008003c98       0x14 ./Drivers/STM32F4xx_HAL_Driver/Src/stm32f4xx_hal_tim_ex.o
                0x0000000008003c98                HAL_TIMEx_CommutCallback
 .text.HAL_TIMEx_BreakCallback
                0x0000000008003cac       0x14 ./Drivers/STM32F4xx_HAL_Driver/Src/stm32f4xx_hal_tim_ex.o
                0x0000000008003cac                HAL_TIMEx_BreakCallback
 .text.HAL_UART_Init
                0x0000000008003cc0       0x9a ./Drivers/STM32F4xx_HAL_Driver/Src/stm32f4xx_hal_uart.o
                0x0000000008003cc0                HAL_UART_Init
 .text.HAL_UART_Transmit
                0x0000000008003d5a      0x124 ./Drivers/STM32F4xx_HAL_Driver/Src/stm32f4xx_hal_uart.o
                0x0000000008003d5a                HAL_UART_Transmit
 .text.UART_WaitOnFlagUntilTimeout
                0x0000000008003e7e       0xdc ./Drivers/STM32F4xx_HAL_Driver/Src/stm32f4xx_hal_uart.o
 *fill*         0x0000000008003f5a        0x2 
 .text.UART_SetConfig
                0x0000000008003f5c      0x4e8 ./Drivers/STM32F4xx_HAL_Driver/Src/stm32f4xx_hal_uart.o
 .text.__errno  0x0000000008004444        0xc m:/bin/st/stm32cubeide_1.9.0/stm32cubeide/plugins/com.st.stm32cube.ide.mcu.externaltools.gnu-tools-for-stm32.10.3-2021.10.win32_1.0.0.202111181127/tools/bin/../lib/gcc/arm-none-eabi/10.3.1/../../../../arm-none-eabi/lib/thumb/v7e-m+fp/hard\libc_nano.a(lib_a-errno.o)
                0x0000000008004444                __errno
 .text.__libc_init_array
                0x0000000008004450       0x48 m:/bin/st/stm32cubeide_1.9.0/stm32cubeide/plugins/com.st.stm32cube.ide.mcu.externaltools.gnu-tools-for-stm32.10.3-2021.10.win32_1.0.0.202111181127/tools/bin/../lib/gcc/arm-none-eabi/10.3.1/../../../../arm-none-eabi/lib/thumb/v7e-m+fp/hard\libc_nano.a(lib_a-init.o)
                0x0000000008004450                __libc_init_array
 .text.memset   0x0000000008004498       0x10 m:/bin/st/stm32cubeide_1.9.0/stm32cubeide/plugins/com.st.stm32cube.ide.mcu.externaltools.gnu-tools-for-stm32.10.3-2021.10.win32_1.0.0.202111181127/tools/bin/../lib/gcc/arm-none-eabi/10.3.1/../../../../arm-none-eabi/lib/thumb/v7e-m+fp/hard\libc_nano.a(lib_a-memset.o)
                0x0000000008004498                memset
 .text.sprintf  0x00000000080044a8       0x40 m:/bin/st/stm32cubeide_1.9.0/stm32cubeide/plugins/com.st.stm32cube.ide.mcu.externaltools.gnu-tools-for-stm32.10.3-2021.10.win32_1.0.0.202111181127/tools/bin/../lib/gcc/arm-none-eabi/10.3.1/../../../../arm-none-eabi/lib/thumb/v7e-m+fp/hard\libc_nano.a(lib_a-sprintf.o)
                0x00000000080044a8                siprintf
                0x00000000080044a8                sprintf
 .text.__ssputs_r
                0x00000000080044e8       0xb6 m:/bin/st/stm32cubeide_1.9.0/stm32cubeide/plugins/com.st.stm32cube.ide.mcu.externaltools.gnu-tools-for-stm32.10.3-2021.10.win32_1.0.0.202111181127/tools/bin/../lib/gcc/arm-none-eabi/10.3.1/../../../../arm-none-eabi/lib/thumb/v7e-m+fp/hard\libc_nano.a(lib_a-nano-svfprintf.o)
                0x00000000080044e8                __ssputs_r
 *fill*         0x000000000800459e        0x2 
 .text._svfprintf_r
                0x00000000080045a0      0x200 m:/bin/st/stm32cubeide_1.9.0/stm32cubeide/plugins/com.st.stm32cube.ide.mcu.externaltools.gnu-tools-for-stm32.10.3-2021.10.win32_1.0.0.202111181127/tools/bin/../lib/gcc/arm-none-eabi/10.3.1/../../../../arm-none-eabi/lib/thumb/v7e-m+fp/hard\libc_nano.a(lib_a-nano-svfprintf.o)
                0x00000000080045a0                _svfiprintf_r
                0x00000000080045a0                _svfprintf_r
 .text._printf_common
                0x00000000080047a0       0xda m:/bin/st/stm32cubeide_1.9.0/stm32cubeide/plugins/com.st.stm32cube.ide.mcu.externaltools.gnu-tools-for-stm32.10.3-2021.10.win32_1.0.0.202111181127/tools/bin/../lib/gcc/arm-none-eabi/10.3.1/../../../../arm-none-eabi/lib/thumb/v7e-m+fp/hard\libc_nano.a(lib_a-nano-vfprintf_i.o)
                0x00000000080047a0                _printf_common
 *fill*         0x000000000800487a        0x2 
 .text._printf_i
                0x000000000800487c      0x24c m:/bin/st/stm32cubeide_1.9.0/stm32cubeide/plugins/com.st.stm32cube.ide.mcu.externaltools.gnu-tools-for-stm32.10.3-2021.10.win32_1.0.0.202111181127/tools/bin/../lib/gcc/arm-none-eabi/10.3.1/../../../../arm-none-eabi/lib/thumb/v7e-m+fp/hard\libc_nano.a(lib_a-nano-vfprintf_i.o)
                0x000000000800487c                _printf_i
 .text.memcpy   0x0000000008004ac8       0x1c m:/bin/st/stm32cubeide_1.9.0/stm32cubeide/plugins/com.st.stm32cube.ide.mcu.externaltools.gnu-tools-for-stm32.10.3-2021.10.win32_1.0.0.202111181127/tools/bin/../lib/gcc/arm-none-eabi/10.3.1/../../../../arm-none-eabi/lib/thumb/v7e-m+fp/hard\libc_nano.a(lib_a-memcpy-stub.o)
                0x0000000008004ac8                memcpy
 .text.memmove  0x0000000008004ae4       0x34 m:/bin/st/stm32cubeide_1.9.0/stm32cubeide/plugins/com.st.stm32cube.ide.mcu.externaltools.gnu-tools-for-stm32.10.3-2021.10.win32_1.0.0.202111181127/tools/bin/../lib/gcc/arm-none-eabi/10.3.1/../../../../arm-none-eabi/lib/thumb/v7e-m+fp/hard\libc_nano.a(lib_a-memmove.o)
                0x0000000008004ae4                memmove
 .text._free_r  0x0000000008004b18       0x98 m:/bin/st/stm32cubeide_1.9.0/stm32cubeide/plugins/com.st.stm32cube.ide.mcu.externaltools.gnu-tools-for-stm32.10.3-2021.10.win32_1.0.0.202111181127/tools/bin/../lib/gcc/arm-none-eabi/10.3.1/../../../../arm-none-eabi/lib/thumb/v7e-m+fp/hard\libc_nano.a(lib_a-nano-freer.o)
                0x0000000008004b18                _free_r
 .text.sbrk_aligned
                0x0000000008004bb0       0x40 m:/bin/st/stm32cubeide_1.9.0/stm32cubeide/plugins/com.st.stm32cube.ide.mcu.externaltools.gnu-tools-for-stm32.10.3-2021.10.win32_1.0.0.202111181127/tools/bin/../lib/gcc/arm-none-eabi/10.3.1/../../../../arm-none-eabi/lib/thumb/v7e-m+fp/hard\libc_nano.a(lib_a-nano-mallocr.o)
 .text._malloc_r
                0x0000000008004bf0       0xe8 m:/bin/st/stm32cubeide_1.9.0/stm32cubeide/plugins/com.st.stm32cube.ide.mcu.externaltools.gnu-tools-for-stm32.10.3-2021.10.win32_1.0.0.202111181127/tools/bin/../lib/gcc/arm-none-eabi/10.3.1/../../../../arm-none-eabi/lib/thumb/v7e-m+fp/hard\libc_nano.a(lib_a-nano-mallocr.o)
                0x0000000008004bf0                _malloc_r
 .text._realloc_r
                0x0000000008004cd8       0x5e m:/bin/st/stm32cubeide_1.9.0/stm32cubeide/plugins/com.st.stm32cube.ide.mcu.externaltools.gnu-tools-for-stm32.10.3-2021.10.win32_1.0.0.202111181127/tools/bin/../lib/gcc/arm-none-eabi/10.3.1/../../../../arm-none-eabi/lib/thumb/v7e-m+fp/hard\libc_nano.a(lib_a-nano-reallocr.o)
                0x0000000008004cd8                _realloc_r
 *fill*         0x0000000008004d36        0x2 
 .text._sbrk_r  0x0000000008004d38       0x20 m:/bin/st/stm32cubeide_1.9.0/stm32cubeide/plugins/com.st.stm32cube.ide.mcu.externaltools.gnu-tools-for-stm32.10.3-2021.10.win32_1.0.0.202111181127/tools/bin/../lib/gcc/arm-none-eabi/10.3.1/../../../../arm-none-eabi/lib/thumb/v7e-m+fp/hard\libc_nano.a(lib_a-sbrkr.o)
                0x0000000008004d38                _sbrk_r
 .text.__malloc_lock
                0x0000000008004d58        0xc m:/bin/st/stm32cubeide_1.9.0/stm32cubeide/plugins/com.st.stm32cube.ide.mcu.externaltools.gnu-tools-for-stm32.10.3-2021.10.win32_1.0.0.202111181127/tools/bin/../lib/gcc/arm-none-eabi/10.3.1/../../../../arm-none-eabi/lib/thumb/v7e-m+fp/hard\libc_nano.a(lib_a-mlock.o)
                0x0000000008004d58                __malloc_lock
 .text.__malloc_unlock
                0x0000000008004d64        0xc m:/bin/st/stm32cubeide_1.9.0/stm32cubeide/plugins/com.st.stm32cube.ide.mcu.externaltools.gnu-tools-for-stm32.10.3-2021.10.win32_1.0.0.202111181127/tools/bin/../lib/gcc/arm-none-eabi/10.3.1/../../../../arm-none-eabi/lib/thumb/v7e-m+fp/hard\libc_nano.a(lib_a-mlock.o)
                0x0000000008004d64                __malloc_unlock
 .text._malloc_usable_size_r
                0x0000000008004d70       0x10 m:/bin/st/stm32cubeide_1.9.0/stm32cubeide/plugins/com.st.stm32cube.ide.mcu.externaltools.gnu-tools-for-stm32.10.3-2021.10.win32_1.0.0.202111181127/tools/bin/../lib/gcc/arm-none-eabi/10.3.1/../../../../arm-none-eabi/lib/thumb/v7e-m+fp/hard\libc_nano.a(lib_a-nano-msizer.o)
                0x0000000008004d70                _malloc_usable_size_r
 .text.__retarget_lock_acquire_recursive
                0x0000000008004d80        0x2 m:/bin/st/stm32cubeide_1.9.0/stm32cubeide/plugins/com.st.stm32cube.ide.mcu.externaltools.gnu-tools-for-stm32.10.3-2021.10.win32_1.0.0.202111181127/tools/bin/../lib/gcc/arm-none-eabi/10.3.1/../../../../arm-none-eabi/lib/thumb/v7e-m+fp/hard\libc_nano.a(lib_a-lock.o)
                0x0000000008004d80                __retarget_lock_acquire_recursive
 .text.__retarget_lock_release_recursive
                0x0000000008004d82        0x2 m:/bin/st/stm32cubeide_1.9.0/stm32cubeide/plugins/com.st.stm32cube.ide.mcu.externaltools.gnu-tools-for-stm32.10.3-2021.10.win32_1.0.0.202111181127/tools/bin/../lib/gcc/arm-none-eabi/10.3.1/../../../../arm-none-eabi/lib/thumb/v7e-m+fp/hard\libc_nano.a(lib_a-lock.o)
                0x0000000008004d82                __retarget_lock_release_recursive
 *(.glue_7)
 .glue_7        0x0000000008004d84        0x0 linker stubs
 *(.glue_7t)
 .glue_7t       0x0000000008004d84        0x0 linker stubs
 *(.eh_frame)
 .eh_frame      0x0000000008004d84        0x0 m:/bin/st/stm32cubeide_1.9.0/stm32cubeide/plugins/com.st.stm32cube.ide.mcu.externaltools.gnu-tools-for-stm32.10.3-2021.10.win32_1.0.0.202111181127/tools/bin/../lib/gcc/arm-none-eabi/10.3.1/thumb/v7e-m+fp/hard/crtbegin.o
 *(.init)
 .init          0x0000000008004d84        0x4 m:/bin/st/stm32cubeide_1.9.0/stm32cubeide/plugins/com.st.stm32cube.ide.mcu.externaltools.gnu-tools-for-stm32.10.3-2021.10.win32_1.0.0.202111181127/tools/bin/../lib/gcc/arm-none-eabi/10.3.1/thumb/v7e-m+fp/hard/crti.o
                0x0000000008004d84                _init
 .init          0x0000000008004d88        0x8 m:/bin/st/stm32cubeide_1.9.0/stm32cubeide/plugins/com.st.stm32cube.ide.mcu.externaltools.gnu-tools-for-stm32.10.3-2021.10.win32_1.0.0.202111181127/tools/bin/../lib/gcc/arm-none-eabi/10.3.1/thumb/v7e-m+fp/hard/crtn.o
 *(.fini)
 .fini          0x0000000008004d90        0x4 m:/bin/st/stm32cubeide_1.9.0/stm32cubeide/plugins/com.st.stm32cube.ide.mcu.externaltools.gnu-tools-for-stm32.10.3-2021.10.win32_1.0.0.202111181127/tools/bin/../lib/gcc/arm-none-eabi/10.3.1/thumb/v7e-m+fp/hard/crti.o
                0x0000000008004d90                _fini
 .fini          0x0000000008004d94        0x8 m:/bin/st/stm32cubeide_1.9.0/stm32cubeide/plugins/com.st.stm32cube.ide.mcu.externaltools.gnu-tools-for-stm32.10.3-2021.10.win32_1.0.0.202111181127/tools/bin/../lib/gcc/arm-none-eabi/10.3.1/thumb/v7e-m+fp/hard/crtn.o
                0x0000000008004d9c                . = ALIGN (0x4)
                0x0000000008004d9c                _etext = .

.vfp11_veneer   0x0000000008004d9c        0x0
 .vfp11_veneer  0x0000000008004d9c        0x0 linker stubs

.v4_bx          0x0000000008004d9c        0x0
 .v4_bx         0x0000000008004d9c        0x0 linker stubs

.iplt           0x0000000008004d9c        0x0
 .iplt          0x0000000008004d9c        0x0 m:/bin/st/stm32cubeide_1.9.0/stm32cubeide/plugins/com.st.stm32cube.ide.mcu.externaltools.gnu-tools-for-stm32.10.3-2021.10.win32_1.0.0.202111181127/tools/bin/../lib/gcc/arm-none-eabi/10.3.1/thumb/v7e-m+fp/hard/crtbegin.o

.rodata         0x0000000008004d9c      0x1b8
                0x0000000008004d9c                . = ALIGN (0x4)
 *(.rodata)
 .rodata        0x0000000008004d9c      0x113 ./Core/Src/dmaDebug.o
 *fill*         0x0000000008004eaf        0x1 
 .rodata        0x0000000008004eb0       0x4d ./Core/Src/main.o
 *(.rodata*)
 *fill*         0x0000000008004efd        0x3 
 .rodata.AHBPrescTable
                0x0000000008004f00       0x10 ./Core/Src/system_stm32f4xx.o
                0x0000000008004f00                AHBPrescTable
 .rodata.APBPrescTable
                0x0000000008004f10        0x8 ./Core/Src/system_stm32f4xx.o
                0x0000000008004f10                APBPrescTable
 .rodata.flagBitshiftOffset.0
                0x0000000008004f18        0x8 ./Drivers/STM32F4xx_HAL_Driver/Src/stm32f4xx_hal_dma.o
 .rodata._svfprintf_r.str1.1
                0x0000000008004f20       0x11 m:/bin/st/stm32cubeide_1.9.0/stm32cubeide/plugins/com.st.stm32cube.ide.mcu.externaltools.gnu-tools-for-stm32.10.3-2021.10.win32_1.0.0.202111181127/tools/bin/../lib/gcc/arm-none-eabi/10.3.1/../../../../arm-none-eabi/lib/thumb/v7e-m+fp/hard\libc_nano.a(lib_a-nano-svfprintf.o)
 .rodata._printf_i.str1.1
                0x0000000008004f31       0x22 m:/bin/st/stm32cubeide_1.9.0/stm32cubeide/plugins/com.st.stm32cube.ide.mcu.externaltools.gnu-tools-for-stm32.10.3-2021.10.win32_1.0.0.202111181127/tools/bin/../lib/gcc/arm-none-eabi/10.3.1/../../../../arm-none-eabi/lib/thumb/v7e-m+fp/hard\libc_nano.a(lib_a-nano-vfprintf_i.o)
                0x0000000008004f54                . = ALIGN (0x4)
 *fill*         0x0000000008004f53        0x1 

.ARM.extab      0x0000000008004f54        0x0
                0x0000000008004f54                . = ALIGN (0x4)
 *(.ARM.extab* .gnu.linkonce.armextab.*)
                0x0000000008004f54                . = ALIGN (0x4)

.ARM            0x0000000008004f54        0x8
                0x0000000008004f54                . = ALIGN (0x4)
                0x0000000008004f54                __exidx_start = .
 *(.ARM.exidx*)
 .ARM.exidx     0x0000000008004f54        0x8 m:/bin/st/stm32cubeide_1.9.0/stm32cubeide/plugins/com.st.stm32cube.ide.mcu.externaltools.gnu-tools-for-stm32.10.3-2021.10.win32_1.0.0.202111181127/tools/bin/../lib/gcc/arm-none-eabi/10.3.1/thumb/v7e-m+fp/hard\libgcc.a(_udivmoddi4.o)
                0x0000000008004f5c                __exidx_end = .
                0x0000000008004f5c                . = ALIGN (0x4)

.rel.dyn        0x0000000008004f5c        0x0
 .rel.iplt      0x0000000008004f5c        0x0 m:/bin/st/stm32cubeide_1.9.0/stm32cubeide/plugins/com.st.stm32cube.ide.mcu.externaltools.gnu-tools-for-stm32.10.3-2021.10.win32_1.0.0.202111181127/tools/bin/../lib/gcc/arm-none-eabi/10.3.1/thumb/v7e-m+fp/hard/crtbegin.o

.preinit_array  0x0000000008004f5c        0x0
                0x0000000008004f5c                . = ALIGN (0x4)
                0x0000000008004f5c                PROVIDE (__preinit_array_start = .)
 *(.preinit_array*)
                0x0000000008004f5c                PROVIDE (__preinit_array_end = .)
                0x0000000008004f5c                . = ALIGN (0x4)

.init_array     0x0000000008004f5c        0x4
                0x0000000008004f5c                . = ALIGN (0x4)
                0x0000000008004f5c                PROVIDE (__init_array_start = .)
 *(SORT_BY_NAME(.init_array.*))
 *(.init_array*)
 .init_array    0x0000000008004f5c        0x4 m:/bin/st/stm32cubeide_1.9.0/stm32cubeide/plugins/com.st.stm32cube.ide.mcu.externaltools.gnu-tools-for-stm32.10.3-2021.10.win32_1.0.0.202111181127/tools/bin/../lib/gcc/arm-none-eabi/10.3.1/thumb/v7e-m+fp/hard/crtbegin.o
                0x0000000008004f60                PROVIDE (__init_array_end = .)
                0x0000000008004f60                . = ALIGN (0x4)

.fini_array     0x0000000008004f60        0x4
                0x0000000008004f60                . = ALIGN (0x4)
                [!provide]                        PROVIDE (__fini_array_start = .)
 *(SORT_BY_NAME(.fini_array.*))
 *(.fini_array*)
 .fini_array    0x0000000008004f60        0x4 m:/bin/st/stm32cubeide_1.9.0/stm32cubeide/plugins/com.st.stm32cube.ide.mcu.externaltools.gnu-tools-for-stm32.10.3-2021.10.win32_1.0.0.202111181127/tools/bin/../lib/gcc/arm-none-eabi/10.3.1/thumb/v7e-m+fp/hard/crtbegin.o
                [!provide]                        PROVIDE (__fini_array_end = .)
                0x0000000008004f64                . = ALIGN (0x4)
                0x0000000008004f64                _sidata = LOADADDR (.data)

.data           0x0000000020000000       0x70 load address 0x0000000008004f64
                0x0000000020000000                . = ALIGN (0x4)
                0x0000000020000000                _sdata = .
 *(.data)
 *(.data*)
 .data.SystemCoreClock
                0x0000000020000000        0x4 ./Core/Src/system_stm32f4xx.o
                0x0000000020000000                SystemCoreClock
 .data.uwTickPrio
                0x0000000020000004        0x4 ./Drivers/STM32F4xx_HAL_Driver/Src/stm32f4xx_hal.o
                0x0000000020000004                uwTickPrio
 .data.uwTickFreq
                0x0000000020000008        0x1 ./Drivers/STM32F4xx_HAL_Driver/Src/stm32f4xx_hal.o
                0x0000000020000008                uwTickFreq
 *fill*         0x0000000020000009        0x3 
 .data._impure_ptr
                0x000000002000000c        0x4 m:/bin/st/stm32cubeide_1.9.0/stm32cubeide/plugins/com.st.stm32cube.ide.mcu.externaltools.gnu-tools-for-stm32.10.3-2021.10.win32_1.0.0.202111181127/tools/bin/../lib/gcc/arm-none-eabi/10.3.1/../../../../arm-none-eabi/lib/thumb/v7e-m+fp/hard\libc_nano.a(lib_a-impure.o)
                0x000000002000000c                _impure_ptr
 .data.impure_data
                0x0000000020000010       0x60 m:/bin/st/stm32cubeide_1.9.0/stm32cubeide/plugins/com.st.stm32cube.ide.mcu.externaltools.gnu-tools-for-stm32.10.3-2021.10.win32_1.0.0.202111181127/tools/bin/../lib/gcc/arm-none-eabi/10.3.1/../../../../arm-none-eabi/lib/thumb/v7e-m+fp/hard\libc_nano.a(lib_a-impure.o)
 *(.RamFunc)
 *(.RamFunc*)
                0x0000000020000070                . = ALIGN (0x4)
                0x0000000020000070                _edata = .

.igot.plt       0x0000000020000070        0x0 load address 0x0000000008004fd4
 .igot.plt      0x0000000020000070        0x0 m:/bin/st/stm32cubeide_1.9.0/stm32cubeide/plugins/com.st.stm32cube.ide.mcu.externaltools.gnu-tools-for-stm32.10.3-2021.10.win32_1.0.0.202111181127/tools/bin/../lib/gcc/arm-none-eabi/10.3.1/thumb/v7e-m+fp/hard/crtbegin.o
                0x0000000020000070                . = ALIGN (0x4)

.bss            0x0000000020000070     0xffcc load address 0x0000000008004fd4
                0x0000000020000070                _sbss = .
                0x0000000020000070                __bss_start__ = _sbss
 *(.bss)
 .bss           0x0000000020000070       0x1c m:/bin/st/stm32cubeide_1.9.0/stm32cubeide/plugins/com.st.stm32cube.ide.mcu.externaltools.gnu-tools-for-stm32.10.3-2021.10.win32_1.0.0.202111181127/tools/bin/../lib/gcc/arm-none-eabi/10.3.1/thumb/v7e-m+fp/hard/crtbegin.o
 *(.bss*)
 .bss.huartD    0x000000002000008c        0x4 ./Core/Src/dmaDebug.o
                0x000000002000008c                huartD
 .bss.str_d     0x0000000020000090       0x51 ./Core/Src/dmaDebug.o
                0x0000000020000090                str_d
 *fill*         0x00000000200000e1        0x3 
 .bss.str_len_d
                0x00000000200000e4        0x4 ./Core/Src/dmaDebug.o
                0x00000000200000e4                str_len_d
 .bss.toDebug_m
                0x00000000200000e8        0x4 ./Core/Src/dmaDebug.o
                0x00000000200000e8                toDebug_m
 .bss.htim1     0x00000000200000ec       0x48 ./Core/Src/main.o
                0x00000000200000ec                htim1
 .bss.htim5     0x0000000020000134       0x48 ./Core/Src/main.o
                0x0000000020000134                htim5
 .bss.hdma_tim1_up
                0x000000002000017c       0x60 ./Core/Src/main.o
                0x000000002000017c                hdma_tim1_up
 .bss.huart2    0x00000000200001dc       0x44 ./Core/Src/main.o
                0x00000000200001dc                huart2
 .bss.hdma_memtomem_dma2_stream0
                0x0000000020000220       0x60 ./Core/Src/main.o
                0x0000000020000220                hdma_memtomem_dma2_stream0
 .bss.str       0x0000000020000280       0x51 ./Core/Src/main.o
                0x0000000020000280                str
 *fill*         0x00000000200002d1        0x1 
 .bss.str_len   0x00000000200002d2        0x2 ./Core/Src/main.o
                0x00000000200002d2                str_len
 .bss.profileCount
                0x00000000200002d4        0x4 ./Core/Src/main.o
                0x00000000200002d4                profileCount
 .bss.__sbrk_heap_end
                0x00000000200002d8        0x4 ./Core/Src/sysmem.o
 .bss.lineBuff  0x00000000200002dc      0x320 ./Core/Src/vga.o
                0x00000000200002dc                lineBuff
 .bss.screenBuff
                0x00000000200005fc     0xfa00 ./Core/Src/vga.o
                0x00000000200005fc                screenBuff
 .bss.vgaPixelTimer
                0x000000002000fffc        0x4 ./Core/Src/vga.o
                0x000000002000fffc                vgaPixelTimer
 .bss.vgaCircularDMA
                0x0000000020010000        0x4 ./Core/Src/vga.o
                0x0000000020010000                vgaCircularDMA
 .bss.memCopyDMA
                0x0000000020010004        0x4 ./Core/Src/vga.o
                0x0000000020010004                memCopyDMA
 .bss.Vsync_GPIO_Port
                0x0000000020010008        0x4 ./Core/Src/vga.o
                0x0000000020010008                Vsync_GPIO_Port
 .bss.Vsync_Pin
                0x000000002001000c        0x2 ./Core/Src/vga.o
                0x000000002001000c                Vsync_Pin
 *fill*         0x000000002001000e        0x2 
 .bss.lineCount
                0x0000000020010010        0x4 ./Core/Src/vga.o
                0x0000000020010010                lineCount
 .bss.lineUpscale
                0x0000000020010014        0x4 ./Core/Src/vga.o
                0x0000000020010014                lineUpscale
 .bss.readyForNextLine
                0x0000000020010018        0x4 ./Core/Src/vga.o
                0x0000000020010018                readyForNextLine
 .bss.activeBuffer
                0x000000002001001c        0x4 ./Core/Src/vga.o
                0x000000002001001c                activeBuffer
 .bss.oldBuffer
                0x0000000020010020        0x4 ./Core/Src/vga.o
                0x0000000020010020                oldBuffer
 .bss.huartE    0x0000000020010024        0x4 ./Core/Src/vga.o
                0x0000000020010024                huartE
 .bss.uwTick    0x0000000020010028        0x4 ./Drivers/STM32F4xx_HAL_Driver/Src/stm32f4xx_hal.o
                0x0000000020010028                uwTick
 .bss.__malloc_free_list
                0x000000002001002c        0x4 m:/bin/st/stm32cubeide_1.9.0/stm32cubeide/plugins/com.st.stm32cube.ide.mcu.externaltools.gnu-tools-for-stm32.10.3-2021.10.win32_1.0.0.202111181127/tools/bin/../lib/gcc/arm-none-eabi/10.3.1/../../../../arm-none-eabi/lib/thumb/v7e-m+fp/hard\libc_nano.a(lib_a-nano-mallocr.o)
                0x000000002001002c                __malloc_free_list
 .bss.__malloc_sbrk_start
                0x0000000020010030        0x4 m:/bin/st/stm32cubeide_1.9.0/stm32cubeide/plugins/com.st.stm32cube.ide.mcu.externaltools.gnu-tools-for-stm32.10.3-2021.10.win32_1.0.0.202111181127/tools/bin/../lib/gcc/arm-none-eabi/10.3.1/../../../../arm-none-eabi/lib/thumb/v7e-m+fp/hard\libc_nano.a(lib_a-nano-mallocr.o)
                0x0000000020010030                __malloc_sbrk_start
 .bss.errno     0x0000000020010034        0x4 m:/bin/st/stm32cubeide_1.9.0/stm32cubeide/plugins/com.st.stm32cube.ide.mcu.externaltools.gnu-tools-for-stm32.10.3-2021.10.win32_1.0.0.202111181127/tools/bin/../lib/gcc/arm-none-eabi/10.3.1/../../../../arm-none-eabi/lib/thumb/v7e-m+fp/hard\libc_nano.a(lib_a-reent.o)
                0x0000000020010034                errno
 .bss.__lock___malloc_recursive_mutex
                0x0000000020010038        0x1 m:/bin/st/stm32cubeide_1.9.0/stm32cubeide/plugins/com.st.stm32cube.ide.mcu.externaltools.gnu-tools-for-stm32.10.3-2021.10.win32_1.0.0.202111181127/tools/bin/../lib/gcc/arm-none-eabi/10.3.1/../../../../arm-none-eabi/lib/thumb/v7e-m+fp/hard\libc_nano.a(lib_a-lock.o)
                0x0000000020010038                __lock___malloc_recursive_mutex
 *(COMMON)
                0x000000002001003c                . = ALIGN (0x4)
 *fill*         0x0000000020010039        0x3 
                0x000000002001003c                _ebss = .
                0x000000002001003c                __bss_end__ = _ebss

._user_heap_stack
                0x000000002001003c      0x604 load address 0x0000000008004fd4
                0x0000000020010040                . = ALIGN (0x8)
 *fill*         0x000000002001003c        0x4 
                [!provide]                        PROVIDE (end = .)
                0x0000000020010040                PROVIDE (_end = .)
                0x0000000020010240                . = (. + _Min_Heap_Size)
 *fill*         0x0000000020010040      0x200 
                0x0000000020010640                . = (. + _Min_Stack_Size)
 *fill*         0x0000000020010240      0x400 
                0x0000000020010640                . = ALIGN (0x8)

/DISCARD/
 libc.a(*)
 libm.a(*)
 libgcc.a(*)

.ARM.attributes
                0x0000000000000000       0x30
 *(.ARM.attributes)
 .ARM.attributes
                0x0000000000000000       0x1e m:/bin/st/stm32cubeide_1.9.0/stm32cubeide/plugins/com.st.stm32cube.ide.mcu.externaltools.gnu-tools-for-stm32.10.3-2021.10.win32_1.0.0.202111181127/tools/bin/../lib/gcc/arm-none-eabi/10.3.1/thumb/v7e-m+fp/hard/crti.o
 .ARM.attributes
                0x000000000000001e       0x34 m:/bin/st/stm32cubeide_1.9.0/stm32cubeide/plugins/com.st.stm32cube.ide.mcu.externaltools.gnu-tools-for-stm32.10.3-2021.10.win32_1.0.0.202111181127/tools/bin/../lib/gcc/arm-none-eabi/10.3.1/thumb/v7e-m+fp/hard/crtbegin.o
 .ARM.attributes
                0x0000000000000052       0x34 ./Core/Src/dmaDebug.o
 .ARM.attributes
                0x0000000000000086       0x34 ./Core/Src/main.o
 .ARM.attributes
                0x00000000000000ba       0x34 ./Core/Src/stm32f4xx_hal_msp.o
 .ARM.attributes
                0x00000000000000ee       0x34 ./Core/Src/stm32f4xx_it.o
 .ARM.attributes
                0x0000000000000122       0x34 ./Core/Src/sysmem.o
 .ARM.attributes
                0x0000000000000156       0x34 ./Core/Src/system_stm32f4xx.o
 .ARM.attributes
                0x000000000000018a       0x34 ./Core/Src/vga.o
 .ARM.attributes
                0x00000000000001be       0x21 ./Core/Startup/startup_stm32f401retx.o
 .ARM.attributes
                0x00000000000001df       0x34 ./Drivers/STM32F4xx_HAL_Driver/Src/stm32f4xx_hal.o
 .ARM.attributes
                0x0000000000000213       0x34 ./Drivers/STM32F4xx_HAL_Driver/Src/stm32f4xx_hal_cortex.o
 .ARM.attributes
                0x0000000000000247       0x34 ./Drivers/STM32F4xx_HAL_Driver/Src/stm32f4xx_hal_dma.o
 .ARM.attributes
                0x000000000000027b       0x34 ./Drivers/STM32F4xx_HAL_Driver/Src/stm32f4xx_hal_gpio.o
 .ARM.attributes
                0x00000000000002af       0x34 ./Drivers/STM32F4xx_HAL_Driver/Src/stm32f4xx_hal_rcc.o
 .ARM.attributes
                0x00000000000002e3       0x34 ./Drivers/STM32F4xx_HAL_Driver/Src/stm32f4xx_hal_tim.o
 .ARM.attributes
                0x0000000000000317       0x34 ./Drivers/STM32F4xx_HAL_Driver/Src/stm32f4xx_hal_tim_ex.o
 .ARM.attributes
                0x000000000000034b       0x34 ./Drivers/STM32F4xx_HAL_Driver/Src/stm32f4xx_hal_uart.o
 .ARM.attributes
                0x000000000000037f       0x34 m:/bin/st/stm32cubeide_1.9.0/stm32cubeide/plugins/com.st.stm32cube.ide.mcu.externaltools.gnu-tools-for-stm32.10.3-2021.10.win32_1.0.0.202111181127/tools/bin/../lib/gcc/arm-none-eabi/10.3.1/../../../../arm-none-eabi/lib/thumb/v7e-m+fp/hard\libc_nano.a(lib_a-errno.o)
 .ARM.attributes
                0x00000000000003b3       0x34 m:/bin/st/stm32cubeide_1.9.0/stm32cubeide/plugins/com.st.stm32cube.ide.mcu.externaltools.gnu-tools-for-stm32.10.3-2021.10.win32_1.0.0.202111181127/tools/bin/../lib/gcc/arm-none-eabi/10.3.1/../../../../arm-none-eabi/lib/thumb/v7e-m+fp/hard\libc_nano.a(lib_a-impure.o)
 .ARM.attributes
                0x00000000000003e7       0x34 m:/bin/st/stm32cubeide_1.9.0/stm32cubeide/plugins/com.st.stm32cube.ide.mcu.externaltools.gnu-tools-for-stm32.10.3-2021.10.win32_1.0.0.202111181127/tools/bin/../lib/gcc/arm-none-eabi/10.3.1/../../../../arm-none-eabi/lib/thumb/v7e-m+fp/hard\libc_nano.a(lib_a-init.o)
 .ARM.attributes
                0x000000000000041b       0x34 m:/bin/st/stm32cubeide_1.9.0/stm32cubeide/plugins/com.st.stm32cube.ide.mcu.externaltools.gnu-tools-for-stm32.10.3-2021.10.win32_1.0.0.202111181127/tools/bin/../lib/gcc/arm-none-eabi/10.3.1/../../../../arm-none-eabi/lib/thumb/v7e-m+fp/hard\libc_nano.a(lib_a-memset.o)
 .ARM.attributes
                0x000000000000044f       0x34 m:/bin/st/stm32cubeide_1.9.0/stm32cubeide/plugins/com.st.stm32cube.ide.mcu.externaltools.gnu-tools-for-stm32.10.3-2021.10.win32_1.0.0.202111181127/tools/bin/../lib/gcc/arm-none-eabi/10.3.1/../../../../arm-none-eabi/lib/thumb/v7e-m+fp/hard\libc_nano.a(lib_a-sprintf.o)
 .ARM.attributes
                0x0000000000000483       0x34 m:/bin/st/stm32cubeide_1.9.0/stm32cubeide/plugins/com.st.stm32cube.ide.mcu.externaltools.gnu-tools-for-stm32.10.3-2021.10.win32_1.0.0.202111181127/tools/bin/../lib/gcc/arm-none-eabi/10.3.1/../../../../arm-none-eabi/lib/thumb/v7e-m+fp/hard\libc_nano.a(lib_a-nano-svfprintf.o)
 .ARM.attributes
                0x00000000000004b7       0x34 m:/bin/st/stm32cubeide_1.9.0/stm32cubeide/plugins/com.st.stm32cube.ide.mcu.externaltools.gnu-tools-for-stm32.10.3-2021.10.win32_1.0.0.202111181127/tools/bin/../lib/gcc/arm-none-eabi/10.3.1/../../../../arm-none-eabi/lib/thumb/v7e-m+fp/hard\libc_nano.a(lib_a-nano-vfprintf_i.o)
 .ARM.attributes
                0x00000000000004eb       0x1c m:/bin/st/stm32cubeide_1.9.0/stm32cubeide/plugins/com.st.stm32cube.ide.mcu.externaltools.gnu-tools-for-stm32.10.3-2021.10.win32_1.0.0.202111181127/tools/bin/../lib/gcc/arm-none-eabi/10.3.1/../../../../arm-none-eabi/lib/thumb/v7e-m+fp/hard\libc_nano.a(lib_a-memchr.o)
 .ARM.attributes
                0x0000000000000507       0x34 m:/bin/st/stm32cubeide_1.9.0/stm32cubeide/plugins/com.st.stm32cube.ide.mcu.externaltools.gnu-tools-for-stm32.10.3-2021.10.win32_1.0.0.202111181127/tools/bin/../lib/gcc/arm-none-eabi/10.3.1/../../../../arm-none-eabi/lib/thumb/v7e-m+fp/hard\libc_nano.a(lib_a-memcpy-stub.o)
 .ARM.attributes
                0x000000000000053b       0x34 m:/bin/st/stm32cubeide_1.9.0/stm32cubeide/plugins/com.st.stm32cube.ide.mcu.externaltools.gnu-tools-for-stm32.10.3-2021.10.win32_1.0.0.202111181127/tools/bin/../lib/gcc/arm-none-eabi/10.3.1/../../../../arm-none-eabi/lib/thumb/v7e-m+fp/hard\libc_nano.a(lib_a-memmove.o)
 .ARM.attributes
                0x000000000000056f       0x34 m:/bin/st/stm32cubeide_1.9.0/stm32cubeide/plugins/com.st.stm32cube.ide.mcu.externaltools.gnu-tools-for-stm32.10.3-2021.10.win32_1.0.0.202111181127/tools/bin/../lib/gcc/arm-none-eabi/10.3.1/../../../../arm-none-eabi/lib/thumb/v7e-m+fp/hard\libc_nano.a(lib_a-nano-freer.o)
 .ARM.attributes
                0x00000000000005a3       0x34 m:/bin/st/stm32cubeide_1.9.0/stm32cubeide/plugins/com.st.stm32cube.ide.mcu.externaltools.gnu-tools-for-stm32.10.3-2021.10.win32_1.0.0.202111181127/tools/bin/../lib/gcc/arm-none-eabi/10.3.1/../../../../arm-none-eabi/lib/thumb/v7e-m+fp/hard\libc_nano.a(lib_a-nano-mallocr.o)
 .ARM.attributes
                0x00000000000005d7       0x34 m:/bin/st/stm32cubeide_1.9.0/stm32cubeide/plugins/com.st.stm32cube.ide.mcu.externaltools.gnu-tools-for-stm32.10.3-2021.10.win32_1.0.0.202111181127/tools/bin/../lib/gcc/arm-none-eabi/10.3.1/../../../../arm-none-eabi/lib/thumb/v7e-m+fp/hard\libc_nano.a(lib_a-nano-reallocr.o)
 .ARM.attributes
                0x000000000000060b       0x34 m:/bin/st/stm32cubeide_1.9.0/stm32cubeide/plugins/com.st.stm32cube.ide.mcu.externaltools.gnu-tools-for-stm32.10.3-2021.10.win32_1.0.0.202111181127/tools/bin/../lib/gcc/arm-none-eabi/10.3.1/../../../../arm-none-eabi/lib/thumb/v7e-m+fp/hard\libc_nano.a(lib_a-sbrkr.o)
 .ARM.attributes
                0x000000000000063f       0x34 m:/bin/st/stm32cubeide_1.9.0/stm32cubeide/plugins/com.st.stm32cube.ide.mcu.externaltools.gnu-tools-for-stm32.10.3-2021.10.win32_1.0.0.202111181127/tools/bin/../lib/gcc/arm-none-eabi/10.3.1/../../../../arm-none-eabi/lib/thumb/v7e-m+fp/hard\libc_nano.a(lib_a-mlock.o)
 .ARM.attributes
                0x0000000000000673       0x34 m:/bin/st/stm32cubeide_1.9.0/stm32cubeide/plugins/com.st.stm32cube.ide.mcu.externaltools.gnu-tools-for-stm32.10.3-2021.10.win32_1.0.0.202111181127/tools/bin/../lib/gcc/arm-none-eabi/10.3.1/../../../../arm-none-eabi/lib/thumb/v7e-m+fp/hard\libc_nano.a(lib_a-nano-msizer.o)
 .ARM.attributes
                0x00000000000006a7       0x34 m:/bin/st/stm32cubeide_1.9.0/stm32cubeide/plugins/com.st.stm32cube.ide.mcu.externaltools.gnu-tools-for-stm32.10.3-2021.10.win32_1.0.0.202111181127/tools/bin/../lib/gcc/arm-none-eabi/10.3.1/../../../../arm-none-eabi/lib/thumb/v7e-m+fp/hard\libc_nano.a(lib_a-reent.o)
 .ARM.attributes
                0x00000000000006db       0x34 m:/bin/st/stm32cubeide_1.9.0/stm32cubeide/plugins/com.st.stm32cube.ide.mcu.externaltools.gnu-tools-for-stm32.10.3-2021.10.win32_1.0.0.202111181127/tools/bin/../lib/gcc/arm-none-eabi/10.3.1/../../../../arm-none-eabi/lib/thumb/v7e-m+fp/hard\libc_nano.a(lib_a-lock.o)
 .ARM.attributes
                0x000000000000070f       0x1e m:/bin/st/stm32cubeide_1.9.0/stm32cubeide/plugins/com.st.stm32cube.ide.mcu.externaltools.gnu-tools-for-stm32.10.3-2021.10.win32_1.0.0.202111181127/tools/bin/../lib/gcc/arm-none-eabi/10.3.1/thumb/v7e-m+fp/hard\libgcc.a(_aeabi_uldivmod.o)
 .ARM.attributes
                0x000000000000072d       0x34 m:/bin/st/stm32cubeide_1.9.0/stm32cubeide/plugins/com.st.stm32cube.ide.mcu.externaltools.gnu-tools-for-stm32.10.3-2021.10.win32_1.0.0.202111181127/tools/bin/../lib/gcc/arm-none-eabi/10.3.1/thumb/v7e-m+fp/hard\libgcc.a(_udivmoddi4.o)
 .ARM.attributes
                0x0000000000000761       0x1e m:/bin/st/stm32cubeide_1.9.0/stm32cubeide/plugins/com.st.stm32cube.ide.mcu.externaltools.gnu-tools-for-stm32.10.3-2021.10.win32_1.0.0.202111181127/tools/bin/../lib/gcc/arm-none-eabi/10.3.1/thumb/v7e-m+fp/hard\libgcc.a(_dvmd_tls.o)
 .ARM.attributes
                0x000000000000077f       0x1e m:/bin/st/stm32cubeide_1.9.0/stm32cubeide/plugins/com.st.stm32cube.ide.mcu.externaltools.gnu-tools-for-stm32.10.3-2021.10.win32_1.0.0.202111181127/tools/bin/../lib/gcc/arm-none-eabi/10.3.1/thumb/v7e-m+fp/hard/crtn.o
OUTPUT(vgaGraphics2.elf elf32-littlearm)
LOAD linker stubs
LOAD m:/bin/st/stm32cubeide_1.9.0/stm32cubeide/plugins/com.st.stm32cube.ide.mcu.externaltools.gnu-tools-for-stm32.10.3-2021.10.win32_1.0.0.202111181127/tools/bin/../lib/gcc/arm-none-eabi/10.3.1/../../../../arm-none-eabi/lib/thumb/v7e-m+fp/hard\libc.a
LOAD m:/bin/st/stm32cubeide_1.9.0/stm32cubeide/plugins/com.st.stm32cube.ide.mcu.externaltools.gnu-tools-for-stm32.10.3-2021.10.win32_1.0.0.202111181127/tools/bin/../lib/gcc/arm-none-eabi/10.3.1/../../../../arm-none-eabi/lib/thumb/v7e-m+fp/hard\libm.a
LOAD m:/bin/st/stm32cubeide_1.9.0/stm32cubeide/plugins/com.st.stm32cube.ide.mcu.externaltools.gnu-tools-for-stm32.10.3-2021.10.win32_1.0.0.202111181127/tools/bin/../lib/gcc/arm-none-eabi/10.3.1/thumb/v7e-m+fp/hard\libgcc.a

.debug_info     0x0000000000000000     0xf31d
 .debug_info    0x0000000000000000      0x7e2 ./Core/Src/dmaDebug.o
 .debug_info    0x00000000000007e2     0x176b ./Core/Src/main.o
 .debug_info    0x0000000000001f4d     0x100f ./Core/Src/stm32f4xx_hal_msp.o
 .debug_info    0x0000000000002f5c      0x75f ./Core/Src/stm32f4xx_it.o
 .debug_info    0x00000000000036bb      0x171 ./Core/Src/sysmem.o
 .debug_info    0x000000000000382c      0x54f ./Core/Src/system_stm32f4xx.o
 .debug_info    0x0000000000003d7b     0x1152 ./Core/Src/vga.o
 .debug_info    0x0000000000004ecd       0x22 ./Core/Startup/startup_stm32f401retx.o
 .debug_info    0x0000000000004eef      0x906 ./Drivers/STM32F4xx_HAL_Driver/Src/stm32f4xx_hal.o
 .debug_info    0x00000000000057f5      0xd85 ./Drivers/STM32F4xx_HAL_Driver/Src/stm32f4xx_hal_cortex.o
 .debug_info    0x000000000000657a      0x947 ./Drivers/STM32F4xx_HAL_Driver/Src/stm32f4xx_hal_dma.o
 .debug_info    0x0000000000006ec1      0x78e ./Drivers/STM32F4xx_HAL_Driver/Src/stm32f4xx_hal_gpio.o
 .debug_info    0x000000000000764f      0x98c ./Drivers/STM32F4xx_HAL_Driver/Src/stm32f4xx_hal_rcc.o
 .debug_info    0x0000000000007fdb     0x2bb6 ./Drivers/STM32F4xx_HAL_Driver/Src/stm32f4xx_hal_tim.o
 .debug_info    0x000000000000ab91     0x15d8 ./Drivers/STM32F4xx_HAL_Driver/Src/stm32f4xx_hal_tim_ex.o
 .debug_info    0x000000000000c169     0x31b4 ./Drivers/STM32F4xx_HAL_Driver/Src/stm32f4xx_hal_uart.o

.debug_abbrev   0x0000000000000000     0x21e5
 .debug_abbrev  0x0000000000000000      0x1fd ./Core/Src/dmaDebug.o
 .debug_abbrev  0x00000000000001fd      0x347 ./Core/Src/main.o
 .debug_abbrev  0x0000000000000544      0x209 ./Core/Src/stm32f4xx_hal_msp.o
 .debug_abbrev  0x000000000000074d      0x195 ./Core/Src/stm32f4xx_it.o
 .debug_abbrev  0x00000000000008e2       0xbb ./Core/Src/sysmem.o
 .debug_abbrev  0x000000000000099d      0x116 ./Core/Src/system_stm32f4xx.o
 .debug_abbrev  0x0000000000000ab3      0x35a ./Core/Src/vga.o
 .debug_abbrev  0x0000000000000e0d       0x12 ./Core/Startup/startup_stm32f401retx.o
 .debug_abbrev  0x0000000000000e1f      0x23e ./Drivers/STM32F4xx_HAL_Driver/Src/stm32f4xx_hal.o
 .debug_abbrev  0x000000000000105d      0x316 ./Drivers/STM32F4xx_HAL_Driver/Src/stm32f4xx_hal_cortex.o
 .debug_abbrev  0x0000000000001373      0x21b ./Drivers/STM32F4xx_HAL_Driver/Src/stm32f4xx_hal_dma.o
 .debug_abbrev  0x000000000000158e      0x1c4 ./Drivers/STM32F4xx_HAL_Driver/Src/stm32f4xx_hal_gpio.o
 .debug_abbrev  0x0000000000001752      0x2aa ./Drivers/STM32F4xx_HAL_Driver/Src/stm32f4xx_hal_rcc.o
 .debug_abbrev  0x00000000000019fc      0x26e ./Drivers/STM32F4xx_HAL_Driver/Src/stm32f4xx_hal_tim.o
 .debug_abbrev  0x0000000000001c6a      0x276 ./Drivers/STM32F4xx_HAL_Driver/Src/stm32f4xx_hal_tim_ex.o
 .debug_abbrev  0x0000000000001ee0      0x305 ./Drivers/STM32F4xx_HAL_Driver/Src/stm32f4xx_hal_uart.o

.debug_aranges  0x0000000000000000      0xd10
 .debug_aranges
                0x0000000000000000       0x60 ./Core/Src/dmaDebug.o
 .debug_aranges
                0x0000000000000060       0x68 ./Core/Src/main.o
 .debug_aranges
                0x00000000000000c8       0x48 ./Core/Src/stm32f4xx_hal_msp.o
 .debug_aranges
                0x0000000000000110       0x70 ./Core/Src/stm32f4xx_it.o
 .debug_aranges
                0x0000000000000180       0x20 ./Core/Src/sysmem.o
 .debug_aranges
                0x00000000000001a0       0x28 ./Core/Src/system_stm32f4xx.o
 .debug_aranges
                0x00000000000001c8       0x70 ./Core/Src/vga.o
 .debug_aranges
                0x0000000000000238       0x28 ./Core/Startup/startup_stm32f401retx.o
 .debug_aranges
                0x0000000000000260       0xf0 ./Drivers/STM32F4xx_HAL_Driver/Src/stm32f4xx_hal.o
 .debug_aranges
                0x0000000000000350      0x118 ./Drivers/STM32F4xx_HAL_Driver/Src/stm32f4xx_hal_cortex.o
 .debug_aranges
                0x0000000000000468       0x90 ./Drivers/STM32F4xx_HAL_Driver/Src/stm32f4xx_hal_dma.o
 .debug_aranges
                0x00000000000004f8       0x58 ./Drivers/STM32F4xx_HAL_Driver/Src/stm32f4xx_hal_gpio.o
 .debug_aranges
                0x0000000000000550       0x88 ./Drivers/STM32F4xx_HAL_Driver/Src/stm32f4xx_hal_rcc.o
 .debug_aranges
                0x00000000000005d8      0x3d0 ./Drivers/STM32F4xx_HAL_Driver/Src/stm32f4xx_hal_tim.o
 .debug_aranges
                0x00000000000009a8      0x168 ./Drivers/STM32F4xx_HAL_Driver/Src/stm32f4xx_hal_tim_ex.o
 .debug_aranges
                0x0000000000000b10      0x200 ./Drivers/STM32F4xx_HAL_Driver/Src/stm32f4xx_hal_uart.o

.debug_ranges   0x0000000000000000      0xca8
 .debug_ranges  0x0000000000000000       0x50 ./Core/Src/dmaDebug.o
 .debug_ranges  0x0000000000000050       0x58 ./Core/Src/main.o
 .debug_ranges  0x00000000000000a8       0x38 ./Core/Src/stm32f4xx_hal_msp.o
 .debug_ranges  0x00000000000000e0       0x60 ./Core/Src/stm32f4xx_it.o
 .debug_ranges  0x0000000000000140       0x10 ./Core/Src/sysmem.o
 .debug_ranges  0x0000000000000150       0x18 ./Core/Src/system_stm32f4xx.o
 .debug_ranges  0x0000000000000168       0xc0 ./Core/Src/vga.o
 .debug_ranges  0x0000000000000228       0x20 ./Core/Startup/startup_stm32f401retx.o
 .debug_ranges  0x0000000000000248       0xe0 ./Drivers/STM32F4xx_HAL_Driver/Src/stm32f4xx_hal.o
 .debug_ranges  0x0000000000000328      0x108 ./Drivers/STM32F4xx_HAL_Driver/Src/stm32f4xx_hal_cortex.o
 .debug_ranges  0x0000000000000430       0x80 ./Drivers/STM32F4xx_HAL_Driver/Src/stm32f4xx_hal_dma.o
 .debug_ranges  0x00000000000004b0       0x48 ./Drivers/STM32F4xx_HAL_Driver/Src/stm32f4xx_hal_gpio.o
 .debug_ranges  0x00000000000004f8       0x78 ./Drivers/STM32F4xx_HAL_Driver/Src/stm32f4xx_hal_rcc.o
 .debug_ranges  0x0000000000000570      0x3c0 ./Drivers/STM32F4xx_HAL_Driver/Src/stm32f4xx_hal_tim.o
 .debug_ranges  0x0000000000000930      0x158 ./Drivers/STM32F4xx_HAL_Driver/Src/stm32f4xx_hal_tim_ex.o
 .debug_ranges  0x0000000000000a88      0x220 ./Drivers/STM32F4xx_HAL_Driver/Src/stm32f4xx_hal_uart.o

.debug_macro    0x0000000000000000    0x16254
 .debug_macro   0x0000000000000000      0x34a ./Core/Src/dmaDebug.o
 .debug_macro   0x000000000000034a      0x29b ./Core/Src/dmaDebug.o
 .debug_macro   0x00000000000005e5       0x2e ./Core/Src/dmaDebug.o
 .debug_macro   0x0000000000000613       0x28 ./Core/Src/dmaDebug.o
 .debug_macro   0x000000000000063b       0x22 ./Core/Src/dmaDebug.o
 .debug_macro   0x000000000000065d       0x8e ./Core/Src/dmaDebug.o
 .debug_macro   0x00000000000006eb       0x51 ./Core/Src/dmaDebug.o
 .debug_macro   0x000000000000073c      0x103 ./Core/Src/dmaDebug.o
 .debug_macro   0x000000000000083f       0x6a ./Core/Src/dmaDebug.o
 .debug_macro   0x00000000000008a9      0x1df ./Core/Src/dmaDebug.o
 .debug_macro   0x0000000000000a88       0x1c ./Core/Src/dmaDebug.o
 .debug_macro   0x0000000000000aa4       0x22 ./Core/Src/dmaDebug.o
 .debug_macro   0x0000000000000ac6       0xd9 ./Core/Src/dmaDebug.o
 .debug_macro   0x0000000000000b9f     0x102d ./Core/Src/dmaDebug.o
 .debug_macro   0x0000000000001bcc      0x11f ./Core/Src/dmaDebug.o
 .debug_macro   0x0000000000001ceb     0xb86c ./Core/Src/dmaDebug.o
 .debug_macro   0x000000000000d557       0x6d ./Core/Src/dmaDebug.o
 .debug_macro   0x000000000000d5c4     0x367e ./Core/Src/dmaDebug.o
 .debug_macro   0x0000000000010c42      0x174 ./Core/Src/dmaDebug.o
 .debug_macro   0x0000000000010db6       0x5c ./Core/Src/dmaDebug.o
 .debug_macro   0x0000000000010e12      0x416 ./Core/Src/dmaDebug.o
 .debug_macro   0x0000000000011228      0x9fe ./Core/Src/dmaDebug.o
 .debug_macro   0x0000000000011c26      0x115 ./Core/Src/dmaDebug.o
 .debug_macro   0x0000000000011d3b       0xf8 ./Core/Src/dmaDebug.o
 .debug_macro   0x0000000000011e33       0xa5 ./Core/Src/dmaDebug.o
 .debug_macro   0x0000000000011ed8      0x15f ./Core/Src/dmaDebug.o
 .debug_macro   0x0000000000012037      0x287 ./Core/Src/dmaDebug.o
 .debug_macro   0x00000000000122be       0x5f ./Core/Src/dmaDebug.o
 .debug_macro   0x000000000001231d      0x236 ./Core/Src/dmaDebug.o
 .debug_macro   0x0000000000012553      0x132 ./Core/Src/dmaDebug.o
 .debug_macro   0x0000000000012685      0x264 ./Core/Src/dmaDebug.o
 .debug_macro   0x00000000000128e9       0x2e ./Core/Src/dmaDebug.o
 .debug_macro   0x0000000000012917      0x11a ./Core/Src/dmaDebug.o
 .debug_macro   0x0000000000012a31       0x85 ./Core/Src/dmaDebug.o
 .debug_macro   0x0000000000012ab6       0x89 ./Core/Src/dmaDebug.o
 .debug_macro   0x0000000000012b3f      0x8e6 ./Core/Src/dmaDebug.o
 .debug_macro   0x0000000000013425       0x47 ./Core/Src/dmaDebug.o
 .debug_macro   0x000000000001346c      0x295 ./Core/Src/dmaDebug.o
 .debug_macro   0x0000000000013701      0x126 ./Core/Src/dmaDebug.o
 .debug_macro   0x0000000000013827      0x100 ./Core/Src/dmaDebug.o
 .debug_macro   0x0000000000013927       0x52 ./Core/Src/dmaDebug.o
 .debug_macro   0x0000000000013979       0x1e ./Core/Src/dmaDebug.o
 .debug_macro   0x0000000000013997       0x3c ./Core/Src/dmaDebug.o
 .debug_macro   0x00000000000139d3       0x34 ./Core/Src/dmaDebug.o
 .debug_macro   0x0000000000013a07       0x16 ./Core/Src/dmaDebug.o
 .debug_macro   0x0000000000013a1d       0x35 ./Core/Src/dmaDebug.o
 .debug_macro   0x0000000000013a52      0x341 ./Core/Src/dmaDebug.o
 .debug_macro   0x0000000000013d93       0x10 ./Core/Src/dmaDebug.o
 .debug_macro   0x0000000000013da3       0x16 ./Core/Src/dmaDebug.o
 .debug_macro   0x0000000000013db9       0x43 ./Core/Src/dmaDebug.o
 .debug_macro   0x0000000000013dfc       0x34 ./Core/Src/dmaDebug.o
 .debug_macro   0x0000000000013e30       0x10 ./Core/Src/dmaDebug.o
 .debug_macro   0x0000000000013e40       0x58 ./Core/Src/dmaDebug.o
 .debug_macro   0x0000000000013e98       0x71 ./Core/Src/dmaDebug.o
 .debug_macro   0x0000000000013f09       0x1c ./Core/Src/dmaDebug.o
 .debug_macro   0x0000000000013f25      0x12a ./Core/Src/dmaDebug.o
 .debug_macro   0x000000000001404f       0x10 ./Core/Src/dmaDebug.o
 .debug_macro   0x000000000001405f       0x1c ./Core/Src/dmaDebug.o
 .debug_macro   0x000000000001407b       0x52 ./Core/Src/dmaDebug.o
 .debug_macro   0x00000000000140cd       0x22 ./Core/Src/dmaDebug.o
 .debug_macro   0x00000000000140ef       0x10 ./Core/Src/dmaDebug.o
 .debug_macro   0x00000000000140ff       0x52 ./Core/Src/dmaDebug.o
 .debug_macro   0x0000000000014151       0xd5 ./Core/Src/dmaDebug.o
 .debug_macro   0x0000000000014226       0x1c ./Core/Src/dmaDebug.o
 .debug_macro   0x0000000000014242       0x3d ./Core/Src/dmaDebug.o
 .debug_macro   0x000000000001427f       0x16 ./Core/Src/dmaDebug.o
 .debug_macro   0x0000000000014295      0x145 ./Core/Src/dmaDebug.o
 .debug_macro   0x00000000000143da      0x362 ./Core/Src/main.o
 .debug_macro   0x000000000001473c      0x1dd ./Core/Src/stm32f4xx_hal_msp.o
 .debug_macro   0x0000000000014919      0x1e7 ./Core/Src/stm32f4xx_it.o
 .debug_macro   0x0000000000014b00       0xff ./Core/Src/sysmem.o
 .debug_macro   0x0000000000014bff      0x23b ./Core/Src/sysmem.o
 .debug_macro   0x0000000000014e3a      0x1ce ./Core/Src/system_stm32f4xx.o
 .debug_macro   0x0000000000015008      0x34a ./Core/Src/vga.o
 .debug_macro   0x0000000000015352      0x22e ./Drivers/STM32F4xx_HAL_Driver/Src/stm32f4xx_hal.o
 .debug_macro   0x0000000000015580      0x1ce ./Drivers/STM32F4xx_HAL_Driver/Src/stm32f4xx_hal_cortex.o
 .debug_macro   0x000000000001574e      0x1d4 ./Drivers/STM32F4xx_HAL_Driver/Src/stm32f4xx_hal_dma.o
 .debug_macro   0x0000000000015922      0x1d4 ./Drivers/STM32F4xx_HAL_Driver/Src/stm32f4xx_hal_gpio.o
 .debug_macro   0x0000000000015af6      0x1f2 ./Drivers/STM32F4xx_HAL_Driver/Src/stm32f4xx_hal_rcc.o
 .debug_macro   0x0000000000015ce8      0x1cf ./Drivers/STM32F4xx_HAL_Driver/Src/stm32f4xx_hal_tim.o
 .debug_macro   0x0000000000015eb7      0x1ce ./Drivers/STM32F4xx_HAL_Driver/Src/stm32f4xx_hal_tim_ex.o
 .debug_macro   0x0000000000016085      0x1cf ./Drivers/STM32F4xx_HAL_Driver/Src/stm32f4xx_hal_uart.o

.debug_line     0x0000000000000000     0xf398
 .debug_line    0x0000000000000000      0x9f2 ./Core/Src/dmaDebug.o
 .debug_line    0x00000000000009f2      0xc29 ./Core/Src/main.o
 .debug_line    0x000000000000161b      0x7d0 ./Core/Src/stm32f4xx_hal_msp.o
 .debug_line    0x0000000000001deb      0x7ba ./Core/Src/stm32f4xx_it.o
 .debug_line    0x00000000000025a5      0x4f9 ./Core/Src/sysmem.o
 .debug_line    0x0000000000002a9e      0x749 ./Core/Src/system_stm32f4xx.o
 .debug_line    0x00000000000031e7      0xbdf ./Core/Src/vga.o
 .debug_line    0x0000000000003dc6       0x88 ./Core/Startup/startup_stm32f401retx.o
 .debug_line    0x0000000000003e4e      0x9af ./Drivers/STM32F4xx_HAL_Driver/Src/stm32f4xx_hal.o
 .debug_line    0x00000000000047fd      0xc5e ./Drivers/STM32F4xx_HAL_Driver/Src/stm32f4xx_hal_cortex.o
 .debug_line    0x000000000000545b      0xf13 ./Drivers/STM32F4xx_HAL_Driver/Src/stm32f4xx_hal_dma.o
 .debug_line    0x000000000000636e      0xae7 ./Drivers/STM32F4xx_HAL_Driver/Src/stm32f4xx_hal_gpio.o
 .debug_line    0x0000000000006e55      0xd2b ./Drivers/STM32F4xx_HAL_Driver/Src/stm32f4xx_hal_rcc.o
 .debug_line    0x0000000000007b80     0x347d ./Drivers/STM32F4xx_HAL_Driver/Src/stm32f4xx_hal_tim.o
 .debug_line    0x000000000000affd     0x1947 ./Drivers/STM32F4xx_HAL_Driver/Src/stm32f4xx_hal_tim_ex.o
 .debug_line    0x000000000000c944     0x2a54 ./Drivers/STM32F4xx_HAL_Driver/Src/stm32f4xx_hal_uart.o

.debug_str      0x0000000000000000    0x8df07
 .debug_str     0x0000000000000000    0x8a273 ./Core/Src/dmaDebug.o
                                      0x8a55a (size before relaxing)
 .debug_str     0x000000000008a273      0xd11 ./Core/Src/main.o
                                      0x8b10d (size before relaxing)
 .debug_str     0x000000000008af84       0xd6 ./Core/Src/stm32f4xx_hal_msp.o
                                      0x86ee5 (size before relaxing)
 .debug_str     0x000000000008b05a      0x117 ./Core/Src/stm32f4xx_it.o
                                      0x86776 (size before relaxing)
 .debug_str     0x000000000008b171      0x4da ./Core/Src/sysmem.o
                                       0x5dba (size before relaxing)
 .debug_str     0x000000000008b64b       0xdb ./Core/Src/system_stm32f4xx.o
                                      0x85ef9 (size before relaxing)
 .debug_str     0x000000000008b726      0x259 ./Core/Src/vga.o
                                      0x8aa1b (size before relaxing)
 .debug_str     0x000000000008b97f       0x36 ./Core/Startup/startup_stm32f401retx.o
                                         0x7c (size before relaxing)
 .debug_str     0x000000000008b9b5      0x5fa ./Drivers/STM32F4xx_HAL_Driver/Src/stm32f4xx_hal.o
                                      0x8691b (size before relaxing)
 .debug_str     0x000000000008bfaf      0x32d ./Drivers/STM32F4xx_HAL_Driver/Src/stm32f4xx_hal_cortex.o
                                      0x8663c (size before relaxing)
 .debug_str     0x000000000008c2dc      0x1ea ./Drivers/STM32F4xx_HAL_Driver/Src/stm32f4xx_hal_dma.o
                                      0x86301 (size before relaxing)
 .debug_str     0x000000000008c4c6      0x121 ./Drivers/STM32F4xx_HAL_Driver/Src/stm32f4xx_hal_gpio.o
                                      0x86074 (size before relaxing)
 .debug_str     0x000000000008c5e7      0x233 ./Drivers/STM32F4xx_HAL_Driver/Src/stm32f4xx_hal_rcc.o
                                      0x8632d (size before relaxing)
 .debug_str     0x000000000008c81a      0xd21 ./Drivers/STM32F4xx_HAL_Driver/Src/stm32f4xx_hal_tim.o
                                      0x87261 (size before relaxing)
 .debug_str     0x000000000008d53b      0x3e1 ./Drivers/STM32F4xx_HAL_Driver/Src/stm32f4xx_hal_tim_ex.o
                                      0x86a7d (size before relaxing)
 .debug_str     0x000000000008d91c      0x5eb ./Drivers/STM32F4xx_HAL_Driver/Src/stm32f4xx_hal_uart.o
                                      0x868ba (size before relaxing)

.comment        0x0000000000000000       0x50
 .comment       0x0000000000000000       0x50 ./Core/Src/dmaDebug.o
                                         0x51 (size before relaxing)
 .comment       0x0000000000000050       0x51 ./Core/Src/main.o
 .comment       0x0000000000000050       0x51 ./Core/Src/stm32f4xx_hal_msp.o
 .comment       0x0000000000000050       0x51 ./Core/Src/stm32f4xx_it.o
 .comment       0x0000000000000050       0x51 ./Core/Src/sysmem.o
 .comment       0x0000000000000050       0x51 ./Core/Src/system_stm32f4xx.o
 .comment       0x0000000000000050       0x51 ./Core/Src/vga.o
 .comment       0x0000000000000050       0x51 ./Drivers/STM32F4xx_HAL_Driver/Src/stm32f4xx_hal.o
 .comment       0x0000000000000050       0x51 ./Drivers/STM32F4xx_HAL_Driver/Src/stm32f4xx_hal_cortex.o
 .comment       0x0000000000000050       0x51 ./Drivers/STM32F4xx_HAL_Driver/Src/stm32f4xx_hal_dma.o
 .comment       0x0000000000000050       0x51 ./Drivers/STM32F4xx_HAL_Driver/Src/stm32f4xx_hal_gpio.o
 .comment       0x0000000000000050       0x51 ./Drivers/STM32F4xx_HAL_Driver/Src/stm32f4xx_hal_rcc.o
 .comment       0x0000000000000050       0x51 ./Drivers/STM32F4xx_HAL_Driver/Src/stm32f4xx_hal_tim.o
 .comment       0x0000000000000050       0x51 ./Drivers/STM32F4xx_HAL_Driver/Src/stm32f4xx_hal_tim_ex.o
 .comment       0x0000000000000050       0x51 ./Drivers/STM32F4xx_HAL_Driver/Src/stm32f4xx_hal_uart.o

.debug_frame    0x0000000000000000     0x3a68
 .debug_frame   0x0000000000000000      0x128 ./Core/Src/dmaDebug.o
 .debug_frame   0x0000000000000128      0x164 ./Core/Src/main.o
 .debug_frame   0x000000000000028c       0xe8 ./Core/Src/stm32f4xx_hal_msp.o
 .debug_frame   0x0000000000000374      0x13c ./Core/Src/stm32f4xx_it.o
 .debug_frame   0x00000000000004b0       0x34 ./Core/Src/sysmem.o
 .debug_frame   0x00000000000004e4       0x58 ./Core/Src/system_stm32f4xx.o
 .debug_frame   0x000000000000053c      0x1b0 ./Core/Src/vga.o
 .debug_frame   0x00000000000006ec      0x374 ./Drivers/STM32F4xx_HAL_Driver/Src/stm32f4xx_hal.o
 .debug_frame   0x0000000000000a60      0x498 ./Drivers/STM32F4xx_HAL_Driver/Src/stm32f4xx_hal_cortex.o
 .debug_frame   0x0000000000000ef8      0x250 ./Drivers/STM32F4xx_HAL_Driver/Src/stm32f4xx_hal_dma.o
 .debug_frame   0x0000000000001148      0x14c ./Drivers/STM32F4xx_HAL_Driver/Src/stm32f4xx_hal_gpio.o
 .debug_frame   0x0000000000001294      0x1f4 ./Drivers/STM32F4xx_HAL_Driver/Src/stm32f4xx_hal_rcc.o
 .debug_frame   0x0000000000001488     0x11bc ./Drivers/STM32F4xx_HAL_Driver/Src/stm32f4xx_hal_tim.o
 .debug_frame   0x0000000000002644      0x638 ./Drivers/STM32F4xx_HAL_Driver/Src/stm32f4xx_hal_tim_ex.o
 .debug_frame   0x0000000000002c7c      0x92c ./Drivers/STM32F4xx_HAL_Driver/Src/stm32f4xx_hal_uart.o
 .debug_frame   0x00000000000035a8       0x20 m:/bin/st/stm32cubeide_1.9.0/stm32cubeide/plugins/com.st.stm32cube.ide.mcu.externaltools.gnu-tools-for-stm32.10.3-2021.10.win32_1.0.0.202111181127/tools/bin/../lib/gcc/arm-none-eabi/10.3.1/../../../../arm-none-eabi/lib/thumb/v7e-m+fp/hard\libc_nano.a(lib_a-errno.o)
 .debug_frame   0x00000000000035c8       0x2c m:/bin/st/stm32cubeide_1.9.0/stm32cubeide/plugins/com.st.stm32cube.ide.mcu.externaltools.gnu-tools-for-stm32.10.3-2021.10.win32_1.0.0.202111181127/tools/bin/../lib/gcc/arm-none-eabi/10.3.1/../../../../arm-none-eabi/lib/thumb/v7e-m+fp/hard\libc_nano.a(lib_a-init.o)
 .debug_frame   0x00000000000035f4       0x20 m:/bin/st/stm32cubeide_1.9.0/stm32cubeide/plugins/com.st.stm32cube.ide.mcu.externaltools.gnu-tools-for-stm32.10.3-2021.10.win32_1.0.0.202111181127/tools/bin/../lib/gcc/arm-none-eabi/10.3.1/../../../../arm-none-eabi/lib/thumb/v7e-m+fp/hard\libc_nano.a(lib_a-memset.o)
 .debug_frame   0x0000000000003614       0x6c m:/bin/st/stm32cubeide_1.9.0/stm32cubeide/plugins/com.st.stm32cube.ide.mcu.externaltools.gnu-tools-for-stm32.10.3-2021.10.win32_1.0.0.202111181127/tools/bin/../lib/gcc/arm-none-eabi/10.3.1/../../../../arm-none-eabi/lib/thumb/v7e-m+fp/hard\libc_nano.a(lib_a-sprintf.o)
 .debug_frame   0x0000000000003680       0x90 m:/bin/st/stm32cubeide_1.9.0/stm32cubeide/plugins/com.st.stm32cube.ide.mcu.externaltools.gnu-tools-for-stm32.10.3-2021.10.win32_1.0.0.202111181127/tools/bin/../lib/gcc/arm-none-eabi/10.3.1/../../../../arm-none-eabi/lib/thumb/v7e-m+fp/hard\libc_nano.a(lib_a-nano-svfprintf.o)
 .debug_frame   0x0000000000003710       0x60 m:/bin/st/stm32cubeide_1.9.0/stm32cubeide/plugins/com.st.stm32cube.ide.mcu.externaltools.gnu-tools-for-stm32.10.3-2021.10.win32_1.0.0.202111181127/tools/bin/../lib/gcc/arm-none-eabi/10.3.1/../../../../arm-none-eabi/lib/thumb/v7e-m+fp/hard\libc_nano.a(lib_a-nano-vfprintf_i.o)
 .debug_frame   0x0000000000003770       0x28 m:/bin/st/stm32cubeide_1.9.0/stm32cubeide/plugins/com.st.stm32cube.ide.mcu.externaltools.gnu-tools-for-stm32.10.3-2021.10.win32_1.0.0.202111181127/tools/bin/../lib/gcc/arm-none-eabi/10.3.1/../../../../arm-none-eabi/lib/thumb/v7e-m+fp/hard\libc_nano.a(lib_a-memcpy-stub.o)
 .debug_frame   0x0000000000003798       0x28 m:/bin/st/stm32cubeide_1.9.0/stm32cubeide/plugins/com.st.stm32cube.ide.mcu.externaltools.gnu-tools-for-stm32.10.3-2021.10.win32_1.0.0.202111181127/tools/bin/../lib/gcc/arm-none-eabi/10.3.1/../../../../arm-none-eabi/lib/thumb/v7e-m+fp/hard\libc_nano.a(lib_a-memmove.o)
 .debug_frame   0x00000000000037c0       0x38 m:/bin/st/stm32cubeide_1.9.0/stm32cubeide/plugins/com.st.stm32cube.ide.mcu.externaltools.gnu-tools-for-stm32.10.3-2021.10.win32_1.0.0.202111181127/tools/bin/../lib/gcc/arm-none-eabi/10.3.1/../../../../arm-none-eabi/lib/thumb/v7e-m+fp/hard\libc_nano.a(lib_a-nano-freer.o)
 .debug_frame   0x00000000000037f8       0x4c m:/bin/st/stm32cubeide_1.9.0/stm32cubeide/plugins/com.st.stm32cube.ide.mcu.externaltools.gnu-tools-for-stm32.10.3-2021.10.win32_1.0.0.202111181127/tools/bin/../lib/gcc/arm-none-eabi/10.3.1/../../../../arm-none-eabi/lib/thumb/v7e-m+fp/hard\libc_nano.a(lib_a-nano-mallocr.o)
 .debug_frame   0x0000000000003844       0x3c m:/bin/st/stm32cubeide_1.9.0/stm32cubeide/plugins/com.st.stm32cube.ide.mcu.externaltools.gnu-tools-for-stm32.10.3-2021.10.win32_1.0.0.202111181127/tools/bin/../lib/gcc/arm-none-eabi/10.3.1/../../../../arm-none-eabi/lib/thumb/v7e-m+fp/hard\libc_nano.a(lib_a-nano-reallocr.o)
 .debug_frame   0x0000000000003880       0x2c m:/bin/st/stm32cubeide_1.9.0/stm32cubeide/plugins/com.st.stm32cube.ide.mcu.externaltools.gnu-tools-for-stm32.10.3-2021.10.win32_1.0.0.202111181127/tools/bin/../lib/gcc/arm-none-eabi/10.3.1/../../../../arm-none-eabi/lib/thumb/v7e-m+fp/hard\libc_nano.a(lib_a-sbrkr.o)
 .debug_frame   0x00000000000038ac       0x30 m:/bin/st/stm32cubeide_1.9.0/stm32cubeide/plugins/com.st.stm32cube.ide.mcu.externaltools.gnu-tools-for-stm32.10.3-2021.10.win32_1.0.0.202111181127/tools/bin/../lib/gcc/arm-none-eabi/10.3.1/../../../../arm-none-eabi/lib/thumb/v7e-m+fp/hard\libc_nano.a(lib_a-mlock.o)
 .debug_frame   0x00000000000038dc       0x20 m:/bin/st/stm32cubeide_1.9.0/stm32cubeide/plugins/com.st.stm32cube.ide.mcu.externaltools.gnu-tools-for-stm32.10.3-2021.10.win32_1.0.0.202111181127/tools/bin/../lib/gcc/arm-none-eabi/10.3.1/../../../../arm-none-eabi/lib/thumb/v7e-m+fp/hard\libc_nano.a(lib_a-nano-msizer.o)
 .debug_frame   0x00000000000038fc       0x5c m:/bin/st/stm32cubeide_1.9.0/stm32cubeide/plugins/com.st.stm32cube.ide.mcu.externaltools.gnu-tools-for-stm32.10.3-2021.10.win32_1.0.0.202111181127/tools/bin/../lib/gcc/arm-none-eabi/10.3.1/../../../../arm-none-eabi/lib/thumb/v7e-m+fp/hard\libc_nano.a(lib_a-reent.o)
 .debug_frame   0x0000000000003958       0xb0 m:/bin/st/stm32cubeide_1.9.0/stm32cubeide/plugins/com.st.stm32cube.ide.mcu.externaltools.gnu-tools-for-stm32.10.3-2021.10.win32_1.0.0.202111181127/tools/bin/../lib/gcc/arm-none-eabi/10.3.1/../../../../arm-none-eabi/lib/thumb/v7e-m+fp/hard\libc_nano.a(lib_a-lock.o)
 .debug_frame   0x0000000000003a08       0x2c m:/bin/st/stm32cubeide_1.9.0/stm32cubeide/plugins/com.st.stm32cube.ide.mcu.externaltools.gnu-tools-for-stm32.10.3-2021.10.win32_1.0.0.202111181127/tools/bin/../lib/gcc/arm-none-eabi/10.3.1/thumb/v7e-m+fp/hard\libgcc.a(_aeabi_uldivmod.o)
 .debug_frame   0x0000000000003a34       0x34 m:/bin/st/stm32cubeide_1.9.0/stm32cubeide/plugins/com.st.stm32cube.ide.mcu.externaltools.gnu-tools-for-stm32.10.3-2021.10.win32_1.0.0.202111181127/tools/bin/../lib/gcc/arm-none-eabi/10.3.1/thumb/v7e-m+fp/hard\libgcc.a(_udivmoddi4.o)
